Component: Arm Compiler for Embedded 6.18 Tool: armlink [5e4cc100]

==============================================================================

Section Cross References

    startup_stm32h743xx.o(RESET) refers to startup_stm32h743xx.o(STACK) for __initial_sp
    startup_stm32h743xx.o(RESET) refers to startup_stm32h743xx.o(.text) for Reset_Handler
    startup_stm32h743xx.o(RESET) refers to stm32h7xx_it.o(.text.NMI_Handler) for NMI_Handler
    startup_stm32h743xx.o(RESET) refers to stm32h7xx_it.o(.text.HardFault_Handler) for HardFault_Handler
    startup_stm32h743xx.o(RESET) refers to stm32h7xx_it.o(.text.MemManage_Handler) for MemManage_Handler
    startup_stm32h743xx.o(RESET) refers to stm32h7xx_it.o(.text.BusFault_Handler) for BusFault_Handler
    startup_stm32h743xx.o(RESET) refers to stm32h7xx_it.o(.text.UsageFault_Handler) for UsageFault_Handler
    startup_stm32h743xx.o(RESET) refers to stm32h7xx_it.o(.text.SVC_Handler) for SVC_Handler
    startup_stm32h743xx.o(RESET) refers to stm32h7xx_it.o(.text.DebugMon_Handler) for DebugMon_Handler
    startup_stm32h743xx.o(RESET) refers to stm32h7xx_it.o(.text.PendSV_Handler) for PendSV_Handler
    startup_stm32h743xx.o(RESET) refers to stm32h7xx_it.o(.text.SysTick_Handler) for SysTick_Handler
    startup_stm32h743xx.o(RESET) refers to bsp_touch_gtxx.o(.text.EXTI3_IRQHandler) for EXTI3_IRQHandler
    startup_stm32h743xx.o(RESET) refers to main.o(.text.USART1_IRQHandler) for USART1_IRQHandler
    startup_stm32h743xx.o(RESET) refers to main.o(.text.USART3_IRQHandler) for USART3_IRQHandler
    startup_stm32h743xx.o(.text) refers to system_stm32h7xx.o(.text.SystemInit) for SystemInit
    startup_stm32h743xx.o(.text) refers to entry.o(.ARM.Collect$$$$00000000) for __main
    system_stm32h7xx.o(.ARM.exidx.text.SystemInit) refers to system_stm32h7xx.o(.text.SystemInit) for [Anonymous Symbol]
    system_stm32h7xx.o(.text.SystemCoreClockUpdate) refers to system_stm32h7xx.o(.data.SystemCoreClock) for SystemCoreClock
    system_stm32h7xx.o(.text.SystemCoreClockUpdate) refers to system_stm32h7xx.o(.rodata.D1CorePrescTable) for D1CorePrescTable
    system_stm32h7xx.o(.ARM.exidx.text.SystemCoreClockUpdate) refers to system_stm32h7xx.o(.text.SystemCoreClockUpdate) for [Anonymous Symbol]
    stm32h7xx_hal.o(.text.HAL_Init) refers to stm32h7xx_hal_cortex.o(.text.HAL_NVIC_SetPriorityGrouping) for HAL_NVIC_SetPriorityGrouping
    stm32h7xx_hal.o(.text.HAL_Init) refers to stm32h7xx_hal_rcc.o(.text.HAL_RCC_GetSysClockFreq) for HAL_RCC_GetSysClockFreq
    stm32h7xx_hal.o(.text.HAL_Init) refers to system_stm32h7xx.o(.rodata.D1CorePrescTable) for D1CorePrescTable
    stm32h7xx_hal.o(.text.HAL_Init) refers to system_stm32h7xx.o(.data.SystemCoreClock) for SystemCoreClock
    stm32h7xx_hal.o(.text.HAL_Init) refers to system_stm32h7xx.o(.data.SystemD2Clock) for SystemD2Clock
    stm32h7xx_hal.o(.text.HAL_Init) refers to core_delay.o(.text.HAL_InitTick) for HAL_InitTick
    stm32h7xx_hal.o(.text.HAL_Init) refers to stm32h7xx_hal_msp.o(.text.HAL_MspInit) for HAL_MspInit
    stm32h7xx_hal.o(.ARM.exidx.text.HAL_Init) refers to stm32h7xx_hal.o(.text.HAL_Init) for [Anonymous Symbol]
    stm32h7xx_hal.o(.text.HAL_InitTick) refers to stm32h7xx_hal.o(.data.uwTickFreq) for uwTickFreq
    stm32h7xx_hal.o(.text.HAL_InitTick) refers to system_stm32h7xx.o(.data.SystemCoreClock) for SystemCoreClock
    stm32h7xx_hal.o(.text.HAL_InitTick) refers to stm32h7xx_hal_cortex.o(.text.HAL_SYSTICK_Config) for HAL_SYSTICK_Config
    stm32h7xx_hal.o(.text.HAL_InitTick) refers to stm32h7xx_hal_cortex.o(.text.HAL_NVIC_SetPriority) for HAL_NVIC_SetPriority
    stm32h7xx_hal.o(.text.HAL_InitTick) refers to stm32h7xx_hal.o(.data.uwTickPrio) for uwTickPrio
    stm32h7xx_hal.o(.ARM.exidx.text.HAL_InitTick) refers to stm32h7xx_hal.o(.text.HAL_InitTick) for [Anonymous Symbol]
    stm32h7xx_hal.o(.ARM.exidx.text.HAL_MspInit) refers to stm32h7xx_hal.o(.text.HAL_MspInit) for [Anonymous Symbol]
    stm32h7xx_hal.o(.text.HAL_DeInit) refers to stm32h7xx_hal.o(.text.HAL_MspDeInit) for HAL_MspDeInit
    stm32h7xx_hal.o(.ARM.exidx.text.HAL_DeInit) refers to stm32h7xx_hal.o(.text.HAL_DeInit) for [Anonymous Symbol]
    stm32h7xx_hal.o(.ARM.exidx.text.HAL_MspDeInit) refers to stm32h7xx_hal.o(.text.HAL_MspDeInit) for [Anonymous Symbol]
    stm32h7xx_hal.o(.text.HAL_IncTick) refers to stm32h7xx_hal.o(.data.uwTickFreq) for uwTickFreq
    stm32h7xx_hal.o(.text.HAL_IncTick) refers to stm32h7xx_hal.o(.bss.uwTick) for uwTick
    stm32h7xx_hal.o(.ARM.exidx.text.HAL_IncTick) refers to stm32h7xx_hal.o(.text.HAL_IncTick) for [Anonymous Symbol]
    stm32h7xx_hal.o(.text.HAL_GetTick) refers to stm32h7xx_hal.o(.bss.uwTick) for uwTick
    stm32h7xx_hal.o(.ARM.exidx.text.HAL_GetTick) refers to stm32h7xx_hal.o(.text.HAL_GetTick) for [Anonymous Symbol]
    stm32h7xx_hal.o(.text.HAL_GetTickPrio) refers to stm32h7xx_hal.o(.data.uwTickPrio) for uwTickPrio
[...]
    [Anonymous Symbol]                       0x08000518   Section        0  stm32h7xx_it.o(.text.DebugMon_Handler)
    [Anonymous Symbol]                       0x08000520   Section        0  palette.o(.text.Draw_Trail)
    [Anonymous Symbol]                       0x080006b0   Section        0  bsp_touch_gtxx.o(.text.EXTI3_IRQHandler)
    [Anonymous Symbol]                       0x080006d0   Section        0  stm32h7xx_ll_fmc.o(.text.FMC_SDRAM_Init)
    [Anonymous Symbol]                       0x08000768   Section        0  stm32h7xx_ll_fmc.o(.text.FMC_SDRAM_ProgramRefreshRate)
    [Anonymous Symbol]                       0x08000780   Section        0  stm32h7xx_ll_fmc.o(.text.FMC_SDRAM_SendCommand)
    [Anonymous Symbol]                       0x080007a8   Section        0  stm32h7xx_ll_fmc.o(.text.FMC_SDRAM_Timing_Init)
    GTP_I2C_Read                             0x08000881   Thumb Code   166  bsp_touch_gtxx.o(.text.GTP_I2C_Read)
    [Anonymous Symbol]                       0x08000880   Section        0  bsp_touch_gtxx.o(.text.GTP_I2C_Read)
    [Anonymous Symbol]                       0x08000928   Section        0  bsp_touch_gtxx.o(.text.GTP_IRQ_Disable)
    [Anonymous Symbol]                       0x08000930   Section        0  bsp_touch_gtxx.o(.text.GTP_Init_Panel)
    [Anonymous Symbol]                       0x08000ab0   Section        0  bsp_touch_gtxx.o(.text.GTP_Read_Version)
    [Anonymous Symbol]                       0x08000bb0   Section        0  bsp_touch_gtxx.o(.text.GTP_TouchProcess)
    [Anonymous Symbol]                       0x08000e20   Section        0  main.o(.text.Get_Composited_Pixel)
    [Anonymous Symbol]                       0x08000f90   Section        0  stm32h7xx_hal_dma2d.o(.text.HAL_DMA2D_ConfigLayer)
    [Anonymous Symbol]                       0x08001058   Section        0  stm32h7xx_hal_dma2d.o(.text.HAL_DMA2D_Init)
    [Anonymous Symbol]                       0x080010c0   Section        0  stm32h7xx_hal_dma2d.o(.text.HAL_DMA2D_MspInit)
    [Anonymous Symbol]                       0x080010c8   Section        0  stm32h7xx_hal_dma2d.o(.text.HAL_DMA2D_PollForTransfer)
    [Anonymous Symbol]                       0x08001200   Section        0  stm32h7xx_hal_dma2d.o(.text.HAL_DMA2D_Start)
    [Anonymous Symbol]                       0x080012d8   Section        0  stm32h7xx_hal_dma.o(.text.HAL_DMA_Abort_IT)
    [Anonymous Symbol]                       0x080015e8   Section        0  stm32h7xx_hal_gpio.o(.text.HAL_GPIO_Init)
    [Anonymous Symbol]                       0x08001790   Section        0  stm32h7xx_hal_gpio.o(.text.HAL_GPIO_ReadPin)
    [Anonymous Symbol]                       0x080017a0   Section        0  stm32h7xx_hal_gpio.o(.text.HAL_GPIO_WritePin)
    [Anonymous Symbol]                       0x080017b0   Section        0  stm32h7xx_hal.o(.text.HAL_GetREVID)
    [Anonymous Symbol]                       0x080017c0   Section        0  core_delay.o(.text.HAL_GetTick)
    [Anonymous Symbol]                       0x080017e8   Section        0  stm32h7xx_hal.o(.text.HAL_IncTick)
    [Anonymous Symbol]                       0x08001808   Section        0  stm32h7xx_hal.o(.text.HAL_Init)
    [Anonymous Symbol]                       0x08001870   Section        0  core_delay.o(.text.HAL_InitTick)
    [Anonymous Symbol]                       0x08001898   Section        0  stm32h7xx_hal_ltdc.o(.text.HAL_LTDC_ConfigLayer)
    [Anonymous Symbol]                       0x08001910   Section        0  stm32h7xx_hal_ltdc.o(.text.HAL_LTDC_Init)
    [Anonymous Symbol]                       0x080019f0   Section        0  stm32h7xx_hal_ltdc.o(.text.HAL_LTDC_MspInit)
    [Anonymous Symbol]                       0x080019f8   Section        0  stm32h7xx_hal_ltdc.o(.text.HAL_LTDC_SetAlpha)
    [Anonymous Symbol]                       0x08001a38   Section        0  stm32h7xx_hal_cortex.o(.text.HAL_MPU_ConfigRegion)
    [Anonymous Symbol]                       0x08001a98   Section        0  stm32h7xx_hal_cortex.o(.text.HAL_MPU_Disable)
    [Anonymous Symbol]                       0x08001ab8   Section        0  stm32h7xx_hal_cortex.o(.text.HAL_MPU_Enable)
    [Anonymous Symbol]                       0x08001ad8   Section        0  stm32h7xx_hal_msp.o(.text.HAL_MspInit)
    [Anonymous Symbol]                       0x08001af8   Section        0  stm32h7xx_hal_cortex.o(.text.HAL_NVIC_DisableIRQ)
    [Anonymous Symbol]                       0x08001b20   Section        0  stm32h7xx_hal_cortex.o(.text.HAL_NVIC_EnableIRQ)
    [Anonymous Symbol]                       0x08001b40   Section        0  stm32h7xx_hal_cortex.o(.text.HAL_NVIC_SetPriority)
    [Anonymous Symbol]                       0x08001ba0   Section        0  stm32h7xx_hal_cortex.o(.text.HAL_NVIC_SetPriorityGrouping)
    [Anonymous Symbol]                       0x08001bc0   Section        0  stm32h7xx_hal_pwr_ex.o(.text.HAL_PWREx_ConfigSupply)
    [Anonymous Symbol]                       0x08001c10   Section        0  stm32h7xx_hal_rcc_ex.o(.text.HAL_RCCEx_GetD1SysClockFreq)
    [Anonymous Symbol]                       0x08001c40   Section        0  stm32h7xx_hal_rcc_ex.o(.text.HAL_RCCEx_GetD3PCLK1Freq)
    [Anonymous Symbol]                       0x08001c68   Section        0  stm32h7xx_hal_rcc_ex.o(.text.HAL_RCCEx_GetPLL2ClockFreq)
    [Anonymous Symbol]                       0x08001d90   Section        0  stm32h7xx_hal_rcc_ex.o(.text.HAL_RCCEx_GetPLL3ClockFreq)
    [Anonymous Symbol]                       0x08001eb8   Section        0  stm32h7xx_hal_rcc_ex.o(.text.HAL_RCCEx_PeriphCLKConfig)
    [Anonymous Symbol]                       0x08002800   Section        0  stm32h7xx_hal_rcc.o(.text.HAL_RCC_ClockConfig)
    [Anonymous Symbol]                       0x08002a40   Section        0  stm32h7xx_hal_rcc.o(.text.HAL_RCC_GetHCLKFreq)
    [Anonymous Symbol]                       0x08002a70   Section        0  stm32h7xx_hal_rcc.o(.text.HAL_RCC_GetPCLK1Freq)
    [Anonymous Symbol]                       0x08002ab0   Section        0  stm32h7xx_hal_rcc.o(.text.HAL_RCC_GetPCLK2Freq)
    [Anonymous Symbol]                       0x08002af0   Section        0  stm32h7xx_hal_rcc.o(.text.HAL_RCC_GetSysClockFreq)
    [Anonymous Symbol]                       0x08002bf8   Section        0  stm32h7xx_hal_rcc.o(.text.HAL_RCC_OscConfig)
    [Anonymous Symbol]                       0x080030d0   Section        0  stm32h7xx_hal_sdram.o(.text.HAL_SDRAM_Init)
    [Anonymous Symbol]                       0x08003120   Section        0  stm32h7xx_hal_sdram.o(.text.HAL_SDRAM_MspInit)
    [Anonymous Symbol]                       0x08003128   Section        0  stm32h7xx_hal_sdram.o(.text.HAL_SDRAM_ProgramRefreshRate)
    [Anonymous Symbol]                       0x08003158   Section        0  stm32h7xx_hal_sdram.o(.text.HAL_SDRAM_SendCommand)
    [Anonymous Symbol]                       0x08003198   Section        0  stm32h7xx_hal_cortex.o(.text.HAL_SYSTICK_Callback)
    [Anonymous Symbol]                       0x080031a0   Section        0  stm32h7xx_hal_cortex.o(.text.HAL_SYSTICK_IRQHandler)
    [Anonymous Symbol]                       0x080031a8   Section        0  stm32h7xx_hal_uart_ex.o(.text.HAL_UARTEx_RxFifoFullCallback)
    [Anonymous Symbol]                       0x080031b0   Section        0  stm32h7xx_hal_uart_ex.o(.text.HAL_UARTEx_TxFifoEmptyCallback)
    [Anonymous Symbol]                       0x080031b8   Section        0  stm32h7xx_hal_uart_ex.o(.text.HAL_UARTEx_WakeupCallback)
    [Anonymous Symbol]                       0x080031c0   Section        0  main.o(.text.HAL_UART_ErrorCallback)
    [Anonymous Symbol]                       0x08003210   Section        0  stm32h7xx_hal_uart.o(.text.HAL_UART_IRQHandler)
    [Anonymous Symbol]                       0x08003410   Section        0  stm32h7xx_hal_uart.o(.text.HAL_UART_Init)
    [Anonymous Symbol]                       0x08003478   Section        0  main.o(.text.HAL_UART_MspInit)
    [Anonymous Symbol]                       0x08003560   Section        0  stm32h7xx_hal_uart.o(.text.HAL_UART_Receive_IT)
    [Anonymous Symbol]                       0x08003670   Section        0  main.o(.text.HAL_UART_RxCpltCallback)
    [Anonymous Symbol]                       0x08003730   Section        0  stm32h7xx_hal_uart.o(.text.HAL_UART_Transmit)
    [Anonymous Symbol]                       0x08003808   Section        0  stm32h7xx_hal_uart.o(.text.HAL_UART_TxCpltCallback)
    [Anonymous Symbol]                       0x08003810   Section        0  stm32h7xx_it.o(.text.HardFault_Handler)
    [Anonymous Symbol]                       0x08003818   Section        0  bsp_i2c_touch.o(.text.I2C_GTP_IRQDisable)
    [Anonymous Symbol]                       0x08003868   Section        0  bsp_i2c_touch.o(.text.I2C_GTP_IRQEnable)
    [Anonymous Symbol]                       0x080038b8   Section        0  bsp_i2c_touch.o(.text.I2C_ReadBytes)
    [Anonymous Symbol]                       0x080039e0   Section        0  bsp_i2c_touch.o(.text.I2C_Touch_Init)
    [Anonymous Symbol]                       0x08003af8   Section        0  bsp_i2c_touch.o(.text.I2C_WriteBytes)
    [Anonymous Symbol]                       0x08003c10   Section        0  bsp_lcd.o(.text.LCD_DisplayOn)
    [Anonymous Symbol]                       0x08003c38   Section        0  bsp_lcd.o(.text.LCD_DrawCircle)
    [Anonymous Symbol]                       0x08003d70   Section        0  bsp_lcd.o(.text.LCD_DrawHLine)
    [Anonymous Symbol]                       0x08003e10   Section        0  bsp_lcd.o(.text.LCD_DrawLine)
    [Anonymous Symbol]                       0x08003ed0   Section        0  bsp_lcd.o(.text.LCD_DrawPixel)
    [Anonymous Symbol]                       0x08003f88   Section        0  main.o(.text.LCD_DrawSprite_Palette)
    LCD_DrawUniLineCircle                    0x08004041   Thumb Code   262  palette.o(.text.LCD_DrawUniLineCircle)
    [Anonymous Symbol]                       0x08004040   Section        0  palette.o(.text.LCD_DrawUniLineCircle)
    [Anonymous Symbol]                       0x08004148   Section        0  bsp_lcd.o(.text.LCD_FillCircle)
    [Anonymous Symbol]                       0x080041f0   Section        0  bsp_lcd.o(.text.LCD_FillRect)
    [Anonymous Symbol]                       0x08004298   Section        0  bsp_lcd.o(.text.LCD_Init)
    [Anonymous Symbol]                       0x08004790   Section        0  bsp_lcd.o(.text.LCD_LayerInit)
    [Anonymous Symbol]                       0x08004820   Section        0  bsp_lcd.o(.text.LCD_SelectLayer)
    [Anonymous Symbol]                       0x08004830   Section        0  bsp_lcd.o(.text.LCD_SetColors)
    [Anonymous Symbol]                       0x08004858   Section        0  bsp_lcd.o(.text.LCD_SetTransparency)
    [Anonymous Symbol]                       0x08004870   Section        0  bsp_led.o(.text.LED_GPIO_Config)
    LL_FillBuffer                            0x08004909   Thumb Code   148  bsp_lcd.o(.text.LL_FillBuffer)
    [Anonymous Symbol]                       0x08004908   Section        0  bsp_lcd.o(.text.LL_FillBuffer)
    LTDC_SetConfig                           0x080049a1   Thumb Code   292  stm32h7xx_hal_ltdc.o(.text.LTDC_SetConfig)
    [Anonymous Symbol]                       0x080049a0   Section        0  stm32h7xx_hal_ltdc.o(.text.LTDC_SetConfig)
    [Anonymous Symbol]                       0x08004ac8   Section        0  stm32h7xx_it.o(.text.MemManage_Handler)
    [Anonymous Symbol]                       0x08004ad0   Section        0  stm32h7xx_it.o(.text.NMI_Handler)
    [Anonymous Symbol]                       0x08004ad8   Section        0  stm32h7xx_it.o(.text.PendSV_Handler)
    RCCEx_PLL2_Config                        0x08004ae1   Thumb Code   286  stm32h7xx_hal_rcc_ex.o(.text.RCCEx_PLL2_Config)
    [Anonymous Symbol]                       0x08004ae0   Section        0  stm32h7xx_hal_rcc_ex.o(.text.RCCEx_PLL2_Config)
    RCCEx_PLL3_Config                        0x08004c01   Thumb Code   286  stm32h7xx_hal_rcc_ex.o(.text.RCCEx_PLL3_Config)
    [Anonymous Symbol]                       0x08004c00   Section        0  stm32h7xx_hal_rcc_ex.o(.text.RCCEx_PLL3_Config)
    [Anonymous Symbol]                       0x08004d20   Section        0  bsp_sdram.o(.text.SDRAM_Init)
    [Anonymous Symbol]                       0x080055a0   Section        0  stm32h7xx_it.o(.text.SVC_Handler)
    [Anonymous Symbol]                       0x080055a8   Section        0  stm32h7xx_it.o(.text.SysTick_Handler)
    [Anonymous Symbol]                       0x080055b8   Section        0  system_stm32h7xx.o(.text.SystemInit)
    [Anonymous Symbol]                       0x08005628   Section        0  palette.o(.text.Touch_Button_Down)
    [Anonymous Symbol]                       0x08005690   Section        0  palette.o(.text.Touch_Button_Up)
    [Anonymous Symbol]                       0x080056d8   Section        0  stm32h7xx_hal_uart.o(.text.UART_AdvFeatureConfig)
    [Anonymous Symbol]                       0x080057b8   Section        0  stm32h7xx_hal_uart.o(.text.UART_CheckIdleState)
    UART_DMAAbortOnError                     0x080058c1   Thumb Code    20  stm32h7xx_hal_uart.o(.text.UART_DMAAbortOnError)
    [Anonymous Symbol]                       0x080058c0   Section        0  stm32h7xx_hal_uart.o(.text.UART_DMAAbortOnError)
    UART_RxISR_16BIT                         0x080058d9   Thumb Code    94  stm32h7xx_hal_uart.o(.text.UART_RxISR_16BIT)
    [Anonymous Symbol]                       0x080058d8   Section        0  stm32h7xx_hal_uart.o(.text.UART_RxISR_16BIT)
    UART_RxISR_16BIT_FIFOEN                  0x08005939   Thumb Code   168  stm32h7xx_hal_uart.o(.text.UART_RxISR_16BIT_FIFOEN)
    [Anonymous Symbol]                       0x08005938   Section        0  stm32h7xx_hal_uart.o(.text.UART_RxISR_16BIT_FIFOEN)
    UART_RxISR_8BIT                          0x080059e1   Thumb Code    94  stm32h7xx_hal_uart.o(.text.UART_RxISR_8BIT)
    [Anonymous Symbol]                       0x080059e0   Section        0  stm32h7xx_hal_uart.o(.text.UART_RxISR_8BIT)
    UART_RxISR_8BIT_FIFOEN                   0x08005a41   Thumb Code   172  stm32h7xx_hal_uart.o(.text.UART_RxISR_8BIT_FIFOEN)
    [Anonymous Symbol]                       0x08005a40   Section        0  stm32h7xx_hal_uart.o(.text.UART_RxISR_8BIT_FIFOEN)
    [Anonymous Symbol]                       0x08005af0   Section        0  stm32h7xx_hal_uart.o(.text.UART_SetConfig)
    [Anonymous Symbol]                       0x08006228   Section        0  stm32h7xx_hal_uart.o(.text.UART_WaitOnFlagUntilTimeout)
    [Anonymous Symbol]                       0x080062e8   Section        0  main.o(.text.USART1_IRQHandler)
    [Anonymous Symbol]                       0x080062f8   Section        0  main.o(.text.USART3_IRQHandler)
    [Anonymous Symbol]                       0x08006308   Section        0  stm32h7xx_it.o(.text.UsageFault_Handler)
    [Anonymous Symbol]                       0x08006310   Section        0  bsp_debug_usart.o(.text.fputc)
    [Anonymous Symbol]                       0x08006330   Section        0  bsp_i2c_touch.o(.text.i2c_SendByte)
    [Anonymous Symbol]                       0x08006380   Section        0  main.o(.text.main)
    i.__0printf$8                            0x08006cfc   Section        0  printf8.o(i.__0printf$8)
    i.__scatterload_copy                     0x08006d1c   Section       14  handlers.o(i.__scatterload_copy)
    i.__scatterload_null                     0x08006d2a   Section        2  handlers.o(i.__scatterload_null)
    i.__scatterload_zeroinit                 0x08006d2c   Section       14  handlers.o(i.__scatterload_zeroinit)
    _printf_core                             0x08006d3d   Thumb Code   996  printf8.o(i._printf_core)
    i._printf_core                           0x08006d3c   Section        0  printf8.o(i._printf_core)
    _printf_post_padding                     0x0800714d   Thumb Code    36  printf8.o(i._printf_post_padding)
    i._printf_post_padding                   0x0800714c   Section        0  printf8.o(i._printf_post_padding)
    _printf_pre_padding                      0x08007171   Thumb Code    46  printf8.o(i._printf_pre_padding)
    i._printf_pre_padding                    0x08007170   Section        0  printf8.o(i._printf_pre_padding)
    i.puts                                   0x080071a0   Section        0  puts.o(i.puts)
    .Lswitch.table.UART_SetConfig.38         0x080071c4   Data          44  stm32h7xx_hal_uart.o(.rodata..Lswitch.table.UART_SetConfig.38)
    .Lswitch.table.UART_SetConfig.5          0x080071f0   Data           6  stm32h7xx_hal_uart.o(.rodata..Lswitch.table.UART_SetConfig.5)
    .Lswitch.table.UART_SetConfig.7          0x080071f6   Data           6  stm32h7xx_hal_uart.o(.rodata..Lswitch.table.UART_SetConfig.7)
    .Lswitch.table.HAL_LTDC_SetPitch_NoReload 0x08008cc4   Data          32  stm32h7xx_hal_ltdc.o(.rodata.cst32)
    .L.str                                   0x0817a086   Data          65  bsp_touch_gtxx.o(.rodata.str1.1)
    .L.str.9                                 0x0817a086   Data          48  bsp_touch_gtxx.o(.rodata.str1.1)
    [Anonymous Symbol]                       0x0817a086   Section        0  bsp_touch_gtxx.o(.rodata.str1.1)
    .L.str.14                                0x0817a0b6   Data          46  bsp_touch_gtxx.o(.rodata.str1.1)
    .L.str.11                                0x0817a0e4   Data          80  bsp_touch_gtxx.o(.rodata.str1.1)
    .L.str.12                                0x0817a134   Data          81  bsp_touch_gtxx.o(.rodata.str1.1)
    .Lstr.21                                 0x0817a185   Data          40  bsp_touch_gtxx.o(.rodata.str1.1)
    .Lstr.19                                 0x0817a1ad   Data          40  bsp_touch_gtxx.o(.rodata.str1.1)
    .data                                    0x24000000   Section        4  stdout.o(.data)
    pre_x                                    0x24000014   Data          10  bsp_touch_gtxx.o(.data.pre_x)
    [Anonymous Symbol]                       0x24000014   Section        0  bsp_touch_gtxx.o(.data.pre_x)
    pre_y                                    0x2400001e   Data          10  bsp_touch_gtxx.o(.data.pre_y)
    [Anonymous Symbol]                       0x2400001e   Section        0  bsp_touch_gtxx.o(.data.pre_y)
    Command                                  0x24000034   Data          16  bsp_sdram.o(.bss.Command)
    [Anonymous Symbol]                       0x24000034   Section        0  bsp_sdram.o(.bss.Command)
    Dma2d_Handler                            0x24000044   Data          96  bsp_lcd.o(.bss.Dma2d_Handler)
    [Anonymous Symbol]                       0x24000044   Section        0  bsp_lcd.o(.bss.Dma2d_Handler)
    Goodix_TS_Work_Func.pre_id               0x240000bc   Data           5  bsp_touch_gtxx.o(.bss.Goodix_TS_Work_Func.pre_id)
    [Anonymous Symbol]                       0x240000bc   Section        0  bsp_touch_gtxx.o(.bss.Goodix_TS_Work_Func.pre_id)
    Goodix_TS_Work_Func.pre_touch            0x240000c2   Data           2  bsp_touch_gtxx.o(.bss.Goodix_TS_Work_Func.pre_touch)
    [Anonymous Symbol]                       0x240000c2   Section        0  bsp_touch_gtxx.o(.bss.Goodix_TS_Work_Func.pre_touch)
    LCD_ClockConfig.periph_clk_init_struct   0x240000c4   Data         188  bsp_lcd.o(.bss.LCD_ClockConfig.periph_clk_init_struct)
    [Anonymous Symbol]                       0x240000c4   Section        0  bsp_lcd.o(.bss.LCD_ClockConfig.periph_clk_init_struct)
    Ltdc_Handler                             0x24000180   Data         168  bsp_lcd.o(.bss.Ltdc_Handler)
    [Anonymous Symbol]                       0x24000180   Section        0  bsp_lcd.o(.bss.Ltdc_Handler)
    STACK                                    0x240005d0   Section     1024  startup_stm32h743xx.o(STACK)

    Global Symbols

    Symbol Name                              Value     Ov Type        Size  Object(Section)

    BuildAttributes$$THM_ISAv4$E$P$D$K$B$S$7EM$VFPv5_D16$PE$PLD8$A:L22UL41UL21$X:L11$S22US41US21$IEEE1$IW$~IW$USESV6$~STKCKD$USESV7$~SHL$OTIME$ROPI$EBA8$MICROLIB$REQ8$PRES8$EABIv2 0x00000000   Number         0  anon$$obj.o ABSOLUTE
    _printf_a                                0x00000000   Number         0  printfstubs.o ABSOLUTE
    _printf_c                                0x00000000   Number         0  printfstubs.o ABSOLUTE
    _printf_charcount                        0x00000000   Number         0  printfstubs.o ABSOLUTE
    _printf_d                                0x00000000   Number         0  printfstubs.o ABSOLUTE
    _printf_e                                0x00000000   Number         0  printfstubs.o ABSOLUTE
    _printf_f                                0x00000000   Number         0  printfstubs.o ABSOLUTE
    _printf_flags                            0x00000000   Number         0  printfstubs.o ABSOLUTE
    _printf_fp_dec                           0x00000000   Number         0  printfstubs.o ABSOLUTE
    _printf_fp_hex                           0x00000000   Number         0  printfstubs.o ABSOLUTE
    _printf_g                                0x00000000   Number         0  printfstubs.o ABSOLUTE
    _printf_i                                0x00000000   Number         0  printfstubs.o ABSOLUTE
    _printf_int_dec                          0x00000000   Number         0  printfstubs.o ABSOLUTE
    _printf_l                                0x00000000   Number         0  printfstubs.o ABSOLUTE
    _printf_lc                               0x00000000   Number         0  printfstubs.o ABSOLUTE
    _printf_ll                               0x00000000   Number         0  printfstubs.o ABSOLUTE
    _printf_lld                              0x00000000   Number         0  printfstubs.o ABSOLUTE
    _printf_lli                              0x00000000   Number         0  printfstubs.o ABSOLUTE
    _printf_llo                              0x00000000   Number         0  printfstubs.o ABSOLUTE
    _printf_llu                              0x00000000   Number         0  printfstubs.o ABSOLUTE
    _printf_llx                              0x00000000   Number         0  printfstubs.o ABSOLUTE
    _printf_longlong_dec                     0x00000000   Number         0  printfstubs.o ABSOLUTE
    _printf_longlong_hex                     0x00000000   Number         0  printfstubs.o ABSOLUTE
    _printf_longlong_oct                     0x00000000   Number         0  printfstubs.o ABSOLUTE
    _printf_ls                               0x00000000   Number         0  printfstubs.o ABSOLUTE
    _printf_mbtowc                           0x00000000   Number         0  printfstubs.o ABSOLUTE
    _printf_n                                0x00000000   Number         0  printfstubs.o ABSOLUTE
    _printf_o                                0x00000000   Number         0  printfstubs.o ABSOLUTE
    _printf_p                                0x00000000   Number         0  printfstubs.o ABSOLUTE
    _printf_percent                          0x00000000   Number         0  printfstubs.o ABSOLUTE
    _printf_pre_padding                      0x00000000   Number         0  printfstubs.o ABSOLUTE
    _printf_return_value                     0x00000000   Number         0  printfstubs.o ABSOLUTE
    _printf_s                                0x00000000   Number         0  printfstubs.o ABSOLUTE
    _printf_sizespec                         0x00000000   Number         0  printfstubs.o ABSOLUTE
    _printf_str                              0x00000000   Number         0  printfstubs.o ABSOLUTE
    _printf_truncate_signed                  0x00000000   Number         0  printfstubs.o ABSOLUTE
    _printf_truncate_unsigned                0x00000000   Number         0  printfstubs.o ABSOLUTE
    _printf_u                                0x00000000   Number         0  printfstubs.o ABSOLUTE
    _printf_wc                               0x00000000   Number         0  printfstubs.o ABSOLUTE
    _printf_wctomb                           0x00000000   Number         0  printfstubs.o ABSOLUTE
    _printf_widthprec                        0x00000000   Number         0  printfstubs.o ABSOLUTE
    _printf_x                                0x00000000   Number         0  printfstubs.o ABSOLUTE
    __cpp_initialize__aeabi_                  - Undefined Weak Reference
    __cxa_finalize                            - Undefined Weak Reference
    __decompress                              - Undefined Weak Reference
    _clock_init                               - Undefined Weak Reference
    _microlib_exit                            - Undefined Weak Reference
    __Vectors_Size                           0x00000298   Number         0  startup_stm32h743xx.o ABSOLUTE
    __Vectors                                0x08000000   Data           4  startup_stm32h743xx.o(RESET)
    __Vectors_End                            0x08000298   Data           0  startup_stm32h743xx.o(RESET)
    __main                                   0x08000299   Thumb Code     0  entry.o(.ARM.Collect$$$$00000000)
    _main_stk                                0x08000299   Thumb Code     0  entry2.o(.ARM.Collect$$$$00000001)
    _main_scatterload                        0x0800029d   Thumb Code     0  entry5.o(.ARM.Collect$$$$00000004)
    __main_after_scatterload                 0x080002a1   Thumb Code     0  entry5.o(.ARM.Collect$$$$00000004)
    _main_clock                              0x080002a1   Thumb Code     0  entry7b.o(.ARM.Collect$$$$00000008)
    _main_cpp_init                           0x080002a1   Thumb Code     0  entry8b.o(.ARM.Collect$$$$0000000A)
    _main_init                               0x080002a1   Thumb Code     0  entry9a.o(.ARM.Collect$$$$0000000B)
    __rt_final_cpp                           0x080002a9   Thumb Code     0  entry10a.o(.ARM.Collect$$$$0000000D)
    __rt_final_exit                          0x080002a9   Thumb Code     0  entry11a.o(.ARM.Collect$$$$0000000F)
    Reset_Handler                            0x080002ad   Thumb Code     8  startup_stm32h743xx.o(.text)
    ADC3_IRQHandler                          0x080002c7   Thumb Code     0  startup_stm32h743xx.o(.text)
    ADC_IRQHandler                           0x080002c7   Thumb Code     0  startup_stm32h743xx.o(.text)
    BDMA_Channel0_IRQHandler                 0x080002c7   Thumb Code     0  startup_stm32h743xx.o(.text)
    BDMA_Channel1_IRQHandler                 0x080002c7   Thumb Code     0  startup_stm32h743xx.o(.text)
    BDMA_Channel2_IRQHandler                 0x080002c7   Thumb Code     0  startup_stm32h743xx.o(.text)
    BDMA_Channel3_IRQHandler                 0x080002c7   Thumb Code     0  startup_stm32h743xx.o(.text)
    BDMA_Channel4_IRQHandler                 0x080002c7   Thumb Code     0  startup_stm32h743xx.o(.text)
    BDMA_Channel5_IRQHandler                 0x080002c7   Thumb Code     0  startup_stm32h743xx.o(.text)
    BDMA_Channel6_IRQHandler                 0x080002c7   Thumb Code     0  startup_stm32h743xx.o(.text)
    BDMA_Channel7_IRQHandler                 0x080002c7   Thumb Code     0  startup_stm32h743xx.o(.text)
    CEC_IRQHandler                           0x080002c7   Thumb Code     0  startup_stm32h743xx.o(.text)
    COMP1_IRQHandler                         0x080002c7   Thumb Code     0  startup_stm32h743xx.o(.text)
    CRS_IRQHandler                           0x080002c7   Thumb Code     0  startup_stm32h743xx.o(.text)
    DCMI_IRQHandler                          0x080002c7   Thumb Code     0  startup_stm32h743xx.o(.text)
    DFSDM1_FLT0_IRQHandler                   0x080002c7   Thumb Code     0  startup_stm32h743xx.o(.text)
    DFSDM1_FLT1_IRQHandler                   0x080002c7   Thumb Code     0  startup_stm32h743xx.o(.text)
    DFSDM1_FLT2_IRQHandler                   0x080002c7   Thumb Code     0  startup_stm32h743xx.o(.text)
    DFSDM1_FLT3_IRQHandler                   0x080002c7   Thumb Code     0  startup_stm32h743xx.o(.text)
    DMA1_Stream0_IRQHandler                  0x080002c7   Thumb Code     0  startup_stm32h743xx.o(.text)
    DMA1_Stream1_IRQHandler                  0x080002c7   Thumb Code     0  startup_stm32h743xx.o(.text)
    DMA1_Stream2_IRQHandler                  0x080002c7   Thumb Code     0  startup_stm32h743xx.o(.text)
    DMA1_Stream3_IRQHandler                  0x080002c7   Thumb Code     0  startup_stm32h743xx.o(.text)
    DMA1_Stream4_IRQHandler                  0x080002c7   Thumb Code     0  startup_stm32h743xx.o(.text)
    DMA1_Stream5_IRQHandler                  0x080002c7   Thumb Code     0  startup_stm32h743xx.o(.text)
    DMA1_Stream6_IRQHandler                  0x080002c7   Thumb Code     0  startup_stm32h743xx.o(.text)
    DMA1_Stream7_IRQHandler                  0x080002c7   Thumb Code     0  startup_stm32h743xx.o(.text)
    DMA2D_IRQHandler                         0x080002c7   Thumb Code     0  startup_stm32h743xx.o(.text)
    DMA2_Stream0_IRQHandler                  0x080002c7   Thumb Code     0  startup_stm32h743xx.o(.text)
    DMA2_Stream1_IRQHandler                  0x080002c7   Thumb Code     0  startup_stm32h743xx.o(.text)
    DMA2_Stream2_IRQHandler                  0x080002c7   Thumb Code     0  startup_stm32h743xx.o(.text)
    DMA2_Stream3_IRQHandler                  0x080002c7   Thumb Code     0  startup_stm32h743xx.o(.text)
    DMA2_Stream4_IRQHandler                  0x080002c7   Thumb Code     0  startup_stm32h743xx.o(.text)
    DMA2_Stream5_IRQHandler                  0x080002c7   Thumb Code     0  startup_stm32h743xx.o(.text)
    DMA2_Stream6_IRQHandler                  0x080002c7   Thumb Code     0  startup_stm32h743xx.o(.text)
    DMA2_Stream7_IRQHandler                  0x080002c7   Thumb Code     0  startup_stm32h743xx.o(.text)
    DMAMUX1_OVR_IRQHandler                   0x080002c7   Thumb Code     0  startup_stm32h743xx.o(.text)
    DMAMUX2_OVR_IRQHandler                   0x080002c7   Thumb Code     0  startup_stm32h743xx.o(.text)
    ECC_IRQHandler                           0x080002c7   Thumb Code     0  startup_stm32h743xx.o(.text)
    ETH_IRQHandler                           0x080002c7   Thumb Code     0  startup_stm32h743xx.o(.text)
    ETH_WKUP_IRQHandler                      0x080002c7   Thumb Code     0  startup_stm32h743xx.o(.text)
    EXTI0_IRQHandler                         0x080002c7   Thumb Code     0  startup_stm32h743xx.o(.text)
    EXTI15_10_IRQHandler                     0x080002c7   Thumb Code     0  startup_stm32h743xx.o(.text)
    EXTI1_IRQHandler                         0x080002c7   Thumb Code     0  startup_stm32h743xx.o(.text)
    EXTI2_IRQHandler                         0x080002c7   Thumb Code     0  startup_stm32h743xx.o(.text)
    EXTI4_IRQHandler                         0x080002c7   Thumb Code     0  startup_stm32h743xx.o(.text)
    EXTI9_5_IRQHandler                       0x080002c7   Thumb Code     0  startup_stm32h743xx.o(.text)
    FDCAN1_IT0_IRQHandler                    0x080002c7   Thumb Code     0  startup_stm32h743xx.o(.text)
    FDCAN1_IT1_IRQHandler                    0x080002c7   Thumb Code     0  startup_stm32h743xx.o(.text)
    FDCAN2_IT0_IRQHandler                    0x080002c7   Thumb Code     0  startup_stm32h743xx.o(.text)
    FDCAN2_IT1_IRQHandler                    0x080002c7   Thumb Code     0  startup_stm32h743xx.o(.text)
    FDCAN_CAL_IRQHandler                     0x080002c7   Thumb Code     0  startup_stm32h743xx.o(.text)
    FLASH_IRQHandler                         0x080002c7   Thumb Code     0  startup_stm32h743xx.o(.text)
    FMC_IRQHandler                           0x080002c7   Thumb Code     0  startup_stm32h743xx.o(.text)
    FPU_IRQHandler                           0x080002c7   Thumb Code     0  startup_stm32h743xx.o(.text)
    HRTIM1_FLT_IRQHandler                    0x080002c7   Thumb Code     0  startup_stm32h743xx.o(.text)
    HRTIM1_Master_IRQHandler                 0x080002c7   Thumb Code     0  startup_stm32h743xx.o(.text)
    HRTIM1_TIMA_IRQHandler                   0x080002c7   Thumb Code     0  startup_stm32h743xx.o(.text)
    HRTIM1_TIMB_IRQHandler                   0x080002c7   Thumb Code     0  startup_stm32h743xx.o(.text)
    HRTIM1_TIMC_IRQHandler                   0x080002c7   Thumb Code     0  startup_stm32h743xx.o(.text)
    HRTIM1_TIMD_IRQHandler                   0x080002c7   Thumb Code     0  startup_stm32h743xx.o(.text)
    HRTIM1_TIME_IRQHandler                   0x080002c7   Thumb Code     0  startup_stm32h743xx.o(.text)
    HSEM1_IRQHandler                         0x080002c7   Thumb Code     0  startup_stm32h743xx.o(.text)
    I2C1_ER_IRQHandler                       0x080002c7   Thumb Code     0  startup_stm32h743xx.o(.text)
    I2C1_EV_IRQHandler                       0x080002c7   Thumb Code     0  startup_stm32h743xx.o(.text)
    I2C2_ER_IRQHandler                       0x080002c7   Thumb Code     0  startup_stm32h743xx.o(.text)
    I2C2_EV_IRQHandler                       0x080002c7   Thumb Code     0  startup_stm32h743xx.o(.text)
    I2C3_ER_IRQHandler                       0x080002c7   Thumb Code     0  startup_stm32h743xx.o(.text)
    I2C3_EV_IRQHandler                       0x080002c7   Thumb Code     0  startup_stm32h743xx.o(.text)
    I2C4_ER_IRQHandler                       0x080002c7   Thumb Code     0  startup_stm32h743xx.o(.text)
    I2C4_EV_IRQHandler                       0x080002c7   Thumb Code     0  startup_stm32h743xx.o(.text)
    JPEG_IRQHandler                          0x080002c7   Thumb Code     0  startup_stm32h743xx.o(.text)
    LPTIM1_IRQHandler                        0x080002c7   Thumb Code     0  startup_stm32h743xx.o(.text)
    LPTIM2_IRQHandler                        0x080002c7   Thumb Code     0  startup_stm32h743xx.o(.text)
    LPTIM3_IRQHandler                        0x080002c7   Thumb Code     0  startup_stm32h743xx.o(.text)
    LPTIM4_IRQHandler                        0x080002c7   Thumb Code     0  startup_stm32h743xx.o(.text)
    LPTIM5_IRQHandler                        0x080002c7   Thumb Code     0  startup_stm32h743xx.o(.text)
    LPUART1_IRQHandler                       0x080002c7   Thumb Code     0  startup_stm32h743xx.o(.text)
    LTDC_ER_IRQHandler                       0x080002c7   Thumb Code     0  startup_stm32h743xx.o(.text)
    LTDC_IRQHandler                          0x080002c7   Thumb Code     0  startup_stm32h743xx.o(.text)
    MDIOS_IRQHandler                         0x080002c7   Thumb Code     0  startup_stm32h743xx.o(.text)
    MDIOS_WKUP_IRQHandler                    0x080002c7   Thumb Code     0  startup_stm32h743xx.o(.text)
    MDMA_IRQHandler                          0x080002c7   Thumb Code     0  startup_stm32h743xx.o(.text)
    OTG_FS_EP1_IN_IRQHandler                 0x080002c7   Thumb Code     0  startup_stm32h743xx.o(.text)
    OTG_FS_EP1_OUT_IRQHandler                0x080002c7   Thumb Code     0  startup_stm32h743xx.o(.text)
    OTG_FS_IRQHandler                        0x080002c7   Thumb Code     0  startup_stm32h743xx.o(.text)
    OTG_FS_WKUP_IRQHandler                   0x080002c7   Thumb Code     0  startup_stm32h743xx.o(.text)
    OTG_HS_EP1_IN_IRQHandler                 0x080002c7   Thumb Code     0  startup_stm32h743xx.o(.text)
    OTG_HS_EP1_OUT_IRQHandler                0x080002c7   Thumb Code     0  startup_stm32h743xx.o(.text)
    OTG_HS_IRQHandler                        0x080002c7   Thumb Code     0  startup_stm32h743xx.o(.text)
    OTG_HS_WKUP_IRQHandler                   0x080002c7   Thumb Code     0  startup_stm32h743xx.o(.text)
    PVD_AVD_IRQHandler                       0x080002c7   Thumb Code     0  startup_stm32h743xx.o(.text)
    QUADSPI_IRQHandler                       0x080002c7   Thumb Code     0  startup_stm32h743xx.o(.text)
    RCC_IRQHandler                           0x080002c7   Thumb Code     0  startup_stm32h743xx.o(.text)
    RNG_IRQHandler                           0x080002c7   Thumb Code     0  startup_stm32h743xx.o(.text)
    RTC_Alarm_IRQHandler                     0x080002c7   Thumb Code     0  startup_stm32h743xx.o(.text)
    RTC_WKUP_IRQHandler                      0x080002c7   Thumb Code     0  startup_stm32h743xx.o(.text)
    SAI1_IRQHandler                          0x080002c7   Thumb Code     0  startup_stm32h743xx.o(.text)
    SAI2_IRQHandler                          0x080002c7   Thumb Code     0  startup_stm32h743xx.o(.text)
    SAI3_IRQHandler                          0x080002c7   Thumb Code     0  startup_stm32h743xx.o(.text)
    SAI4_IRQHandler                          0x080002c7   Thumb Code     0  startup_stm32h743xx.o(.text)
    SDMMC1_IRQHandler                        0x080002c7   Thumb Code     0  startup_stm32h743xx.o(.text)
    SDMMC2_IRQHandler                        0x080002c7   Thumb Code     0  startup_stm32h743xx.o(.text)
    SPDIF_RX_IRQHandler                      0x080002c7   Thumb Code     0  startup_stm32h743xx.o(.text)
    SPI1_IRQHandler                          0x080002c7   Thumb Code     0  startup_stm32h743xx.o(.text)
    SPI2_IRQHandler                          0x080002c7   Thumb Code     0  startup_stm32h743xx.o(.text)
    SPI3_IRQHandler                          0x080002c7   Thumb Code     0  startup_stm32h743xx.o(.text)
    SPI4_IRQHandler                          0x080002c7   Thumb Code     0  startup_stm32h743xx.o(.text)
    SPI5_IRQHandler                          0x080002c7   Thumb Code     0  startup_stm32h743xx.o(.text)
    SPI6_IRQHandler                          0x080002c7   Thumb Code     0  startup_stm32h743xx.o(.text)
    SWPMI1_IRQHandler                        0x080002c7   Thumb Code     0  startup_stm32h743xx.o(.text)
    TAMP_STAMP_IRQHandler                    0x080002c7   Thumb Code     0  startup_stm32h743xx.o(.text)
    TIM15_IRQHandler                         0x080002c7   Thumb Code     0  startup_stm32h743xx.o(.text)
    TIM16_IRQHandler                         0x080002c7   Thumb Code     0  startup_stm32h743xx.o(.text)
    TIM17_IRQHandler                         0x080002c7   Thumb Code     0  startup_stm32h743xx.o(.text)
    TIM1_BRK_IRQHandler                      0x080002c7   Thumb Code     0  startup_stm32h743xx.o(.text)
    TIM1_CC_IRQHandler                       0x080002c7   Thumb Code     0  startup_stm32h743xx.o(.text)
    TIM1_TRG_COM_IRQHandler                  0x080002c7   Thumb Code     0  startup_stm32h743xx.o(.text)
    TIM1_UP_IRQHandler                       0x080002c7   Thumb Code     0  startup_stm32h743xx.o(.text)
    TIM2_IRQHandler                          0x080002c7   Thumb Code     0  startup_stm32h743xx.o(.text)
    TIM3_IRQHandler                          0x080002c7   Thumb Code     0  startup_stm32h743xx.o(.text)
    TIM4_IRQHandler                          0x080002c7   Thumb Code     0  startup_stm32h743xx.o(.text)
    TIM5_IRQHandler                          0x080002c7   Thumb Code     0  startup_stm32h743xx.o(.text)
    TIM6_DAC_IRQHandler                      0x080002c7   Thumb Code     0  startup_stm32h743xx.o(.text)
    TIM7_IRQHandler                          0x080002c7   Thumb Code     0  startup_stm32h743xx.o(.text)
    TIM8_BRK_TIM12_IRQHandler                0x080002c7   Thumb Code     0  startup_stm32h743xx.o(.text)
    TIM8_CC_IRQHandler                       0x080002c7   Thumb Code     0  startup_stm32h743xx.o(.text)
    TIM8_TRG_COM_TIM14_IRQHandler            0x080002c7   Thumb Code     0  startup_stm32h743xx.o(.text)
    TIM8_UP_TIM13_IRQHandler                 0x080002c7   Thumb Code     0  startup_stm32h743xx.o(.text)
    UART4_IRQHandler                         0x080002c7   Thumb Code     0  startup_stm32h743xx.o(.text)
    UART5_IRQHandler                         0x080002c7   Thumb Code     0  startup_stm32h743xx.o(.text)
    UART7_IRQHandler                         0x080002c7   Thumb Code     0  startup_stm32h743xx.o(.text)
    UART8_IRQHandler                         0x080002c7   Thumb Code     0  startup_stm32h743xx.o(.text)
    USART2_IRQHandler                        0x080002c7   Thumb Code     0  startup_stm32h743xx.o(.text)
    USART6_IRQHandler                        0x080002c7   Thumb Code     0  startup_stm32h743xx.o(.text)
    WAKEUP_PIN_IRQHandler                    0x080002c7   Thumb Code     0  startup_stm32h743xx.o(.text)
    WWDG_IRQHandler                          0x080002c7   Thumb Code     0  startup_stm32h743xx.o(.text)
    __aeabi_uldivmod                         0x080002d1   Thumb Code    98  uldiv.o(.text)
    __aeabi_memcpy                           0x08000333   Thumb Code    36  memcpya.o(.text)
    __aeabi_memcpy4                          0x08000333   Thumb Code     0  memcpya.o(.text)
    __aeabi_memcpy8                          0x08000333   Thumb Code     0  memcpya.o(.text)
    __aeabi_memset                           0x08000357   Thumb Code    14  memseta.o(.text)
    __aeabi_memset4                          0x08000357   Thumb Code     0  memseta.o(.text)
    __aeabi_memset8                          0x08000357   Thumb Code     0  memseta.o(.text)
    __aeabi_memclr                           0x08000365   Thumb Code     4  memseta.o(.text)
    __aeabi_memclr4                          0x08000365   Thumb Code     0  memseta.o(.text)
    __aeabi_memclr8                          0x08000365   Thumb Code     0  memseta.o(.text)
    _memset$wrapper                          0x08000369   Thumb Code    18  memseta.o(.text)
    __aeabi_llsl                             0x0800037b   Thumb Code    30  llshl.o(.text)
    _ll_shift_l                              0x0800037b   Thumb Code     0  llshl.o(.text)
    __aeabi_llsr                             0x08000399   Thumb Code    32  llushr.o(.text)
    _ll_ushift_r                             0x08000399   Thumb Code     0  llushr.o(.text)
    __scatterload                            0x080003b9   Thumb Code    28  init.o(.text)
    __scatterload_rt2                        0x080003b9   Thumb Code     0  init.o(.text)
    Board_MPU_Config                         0x080003e1   Thumb Code   238  bsp_mpu.o(.text.Board_MPU_Config)
    BusFault_Handler                         0x080004d1   Thumb Code     2  stm32h7xx_it.o(.text.BusFault_Handler)
    CPU_TS_Tmr_Delay_US                      0x080004d9   Thumb Code    62  core_delay.o(.text.CPU_TS_Tmr_Delay_US)
    DebugMon_Handler                         0x08000519   Thumb Code     2  stm32h7xx_it.o(.text.DebugMon_Handler)
    Draw_Trail                               0x08000521   Thumb Code   396  palette.o(.text.Draw_Trail)
    EXTI3_IRQHandler                         0x080006b1   Thumb Code    26  bsp_touch_gtxx.o(.text.EXTI3_IRQHandler)
    FMC_SDRAM_Init                           0x080006d1   Thumb Code   146  stm32h7xx_ll_fmc.o(.text.FMC_SDRAM_Init)
    FMC_SDRAM_ProgramRefreshRate             0x08000769   Thumb Code    22  stm32h7xx_ll_fmc.o(.text.FMC_SDRAM_ProgramRefreshRate)
    FMC_SDRAM_SendCommand                    0x08000781   Thumb Code    40  stm32h7xx_ll_fmc.o(.text.FMC_SDRAM_SendCommand)
    FMC_SDRAM_Timing_Init                    0x080007a9   Thumb Code   216  stm32h7xx_ll_fmc.o(.text.FMC_SDRAM_Timing_Init)
    GTP_IRQ_Disable                          0x08000929   Thumb Code     8  bsp_touch_gtxx.o(.text.GTP_IRQ_Disable)
    GTP_Init_Panel                           0x08000931   Thumb Code   276  bsp_touch_gtxx.o(.text.GTP_Init_Panel)
    GTP_Read_Version                         0x08000ab1   Thumb Code   156  bsp_touch_gtxx.o(.text.GTP_Read_Version)
    GTP_TouchProcess                         0x08000bb1   Thumb Code   624  bsp_touch_gtxx.o(.text.GTP_TouchProcess)
    Get_Composited_Pixel                     0x08000e21   Thumb Code   366  main.o(.text.Get_Composited_Pixel)
    HAL_DMA2D_ConfigLayer                    0x08000f91   Thumb Code   194  stm32h7xx_hal_dma2d.o(.text.HAL_DMA2D_ConfigLayer)
    HAL_DMA2D_Init                           0x08001059   Thumb Code   104  stm32h7xx_hal_dma2d.o(.text.HAL_DMA2D_Init)
    HAL_DMA2D_MspInit                        0x080010c1   Thumb Code     2  stm32h7xx_hal_dma2d.o(.text.HAL_DMA2D_MspInit)
    HAL_DMA2D_PollForTransfer                0x080010c9   Thumb Code   308  stm32h7xx_hal_dma2d.o(.text.HAL_DMA2D_PollForTransfer)
    HAL_DMA2D_Start                          0x08001201   Thumb Code   214  stm32h7xx_hal_dma2d.o(.text.HAL_DMA2D_Start)
    HAL_DMA_Abort_IT                         0x080012d9   Thumb Code   780  stm32h7xx_hal_dma.o(.text.HAL_DMA_Abort_IT)
    HAL_GPIO_Init                            0x080015e9   Thumb Code   422  stm32h7xx_hal_gpio.o(.text.HAL_GPIO_Init)
    HAL_GPIO_ReadPin                         0x08001791   Thumb Code    10  stm32h7xx_hal_gpio.o(.text.HAL_GPIO_ReadPin)
    HAL_GPIO_WritePin                        0x080017a1   Thumb Code    10  stm32h7xx_hal_gpio.o(.text.HAL_GPIO_WritePin)
    HAL_GetREVID                             0x080017b1   Thumb Code    14  stm32h7xx_hal.o(.text.HAL_GetREVID)
    HAL_GetTick                              0x080017c1   Thumb Code    34  core_delay.o(.text.HAL_GetTick)
    HAL_IncTick                              0x080017e9   Thumb Code    26  stm32h7xx_hal.o(.text.HAL_IncTick)
    HAL_Init                                 0x08001809   Thumb Code   100  stm32h7xx_hal.o(.text.HAL_Init)
    HAL_InitTick                             0x08001871   Thumb Code    40  core_delay.o(.text.HAL_InitTick)
    HAL_LTDC_ConfigLayer                     0x08001899   Thumb Code   118  stm32h7xx_hal_ltdc.o(.text.HAL_LTDC_ConfigLayer)
    HAL_LTDC_Init                            0x08001911   Thumb Code   220  stm32h7xx_hal_ltdc.o(.text.HAL_LTDC_Init)
    HAL_LTDC_MspInit                         0x080019f1   Thumb Code     2  stm32h7xx_hal_ltdc.o(.text.HAL_LTDC_MspInit)
    HAL_LTDC_SetAlpha                        0x080019f9   Thumb Code    64  stm32h7xx_hal_ltdc.o(.text.HAL_LTDC_SetAlpha)
    HAL_MPU_ConfigRegion                     0x08001a39   Thumb Code    94  stm32h7xx_hal_cortex.o(.text.HAL_MPU_ConfigRegion)
    HAL_MPU_Disable                          0x08001a99   Thumb Code    26  stm32h7xx_hal_cortex.o(.text.HAL_MPU_Disable)
    HAL_MPU_Enable                           0x08001ab9   Thumb Code    32  stm32h7xx_hal_cortex.o(.text.HAL_MPU_Enable)
    HAL_MspInit                              0x08001ad9   Thumb Code    32  stm32h7xx_hal_msp.o(.text.HAL_MspInit)
    HAL_NVIC_DisableIRQ                      0x08001af9   Thumb Code    40  stm32h7xx_hal_cortex.o(.text.HAL_NVIC_DisableIRQ)
    HAL_NVIC_EnableIRQ                       0x08001b21   Thumb Code    32  stm32h7xx_hal_cortex.o(.text.HAL_NVIC_EnableIRQ)
    HAL_NVIC_SetPriority                     0x08001b41   Thumb Code    94  stm32h7xx_hal_cortex.o(.text.HAL_NVIC_SetPriority)
    HAL_NVIC_SetPriorityGrouping             0x08001ba1   Thumb Code    32  stm32h7xx_hal_cortex.o(.text.HAL_NVIC_SetPriorityGrouping)
    HAL_PWREx_ConfigSupply                   0x08001bc1   Thumb Code    76  stm32h7xx_hal_pwr_ex.o(.text.HAL_PWREx_ConfigSupply)
    HAL_RCCEx_GetD1SysClockFreq              0x08001c11   Thumb Code    48  stm32h7xx_hal_rcc_ex.o(.text.HAL_RCCEx_GetD1SysClockFreq)
    HAL_RCCEx_GetD3PCLK1Freq                 0x08001c41   Thumb Code    38  stm32h7xx_hal_rcc_ex.o(.text.HAL_RCCEx_GetD3PCLK1Freq)
    HAL_RCCEx_GetPLL2ClockFreq               0x08001c69   Thumb Code   292  stm32h7xx_hal_rcc_ex.o(.text.HAL_RCCEx_GetPLL2ClockFreq)
    HAL_RCCEx_GetPLL3ClockFreq               0x08001d91   Thumb Code   292  stm32h7xx_hal_rcc_ex.o(.text.HAL_RCCEx_GetPLL3ClockFreq)
    HAL_RCCEx_PeriphCLKConfig                0x08001eb9   Thumb Code  2370  stm32h7xx_hal_rcc_ex.o(.text.HAL_RCCEx_PeriphCLKConfig)
    HAL_RCC_ClockConfig                      0x08002801   Thumb Code   572  stm32h7xx_hal_rcc.o(.text.HAL_RCC_ClockConfig)
    HAL_RCC_GetHCLKFreq                      0x08002a41   Thumb Code    48  stm32h7xx_hal_rcc.o(.text.HAL_RCC_GetHCLKFreq)
    HAL_RCC_GetPCLK1Freq                     0x08002a71   Thumb Code    64  stm32h7xx_hal_rcc.o(.text.HAL_RCC_GetPCLK1Freq)
    HAL_RCC_GetPCLK2Freq                     0x08002ab1   Thumb Code    64  stm32h7xx_hal_rcc.o(.text.HAL_RCC_GetPCLK2Freq)
    HAL_RCC_GetSysClockFreq                  0x08002af1   Thumb Code   264  stm32h7xx_hal_rcc.o(.text.HAL_RCC_GetSysClockFreq)
    HAL_RCC_OscConfig                        0x08002bf9   Thumb Code  1238  stm32h7xx_hal_rcc.o(.text.HAL_RCC_OscConfig)
    HAL_SDRAM_Init                           0x080030d1   Thumb Code    80  stm32h7xx_hal_sdram.o(.text.HAL_SDRAM_Init)
    HAL_SDRAM_MspInit                        0x08003121   Thumb Code     2  stm32h7xx_hal_sdram.o(.text.HAL_SDRAM_MspInit)
    HAL_SDRAM_ProgramRefreshRate             0x08003129   Thumb Code    48  stm32h7xx_hal_sdram.o(.text.HAL_SDRAM_ProgramRefreshRate)
    HAL_SDRAM_SendCommand                    0x08003159   Thumb Code    58  stm32h7xx_hal_sdram.o(.text.HAL_SDRAM_SendCommand)
    HAL_SYSTICK_Callback                     0x08003199   Thumb Code     2  stm32h7xx_hal_cortex.o(.text.HAL_SYSTICK_Callback)
    HAL_SYSTICK_IRQHandler                   0x080031a1   Thumb Code     8  stm32h7xx_hal_cortex.o(.text.HAL_SYSTICK_IRQHandler)
    HAL_UARTEx_RxFifoFullCallback            0x080031a9   Thumb Code     2  stm32h7xx_hal_uart_ex.o(.text.HAL_UARTEx_RxFifoFullCallback)
    HAL_UARTEx_TxFifoEmptyCallback           0x080031b1   Thumb Code     2  stm32h7xx_hal_uart_ex.o(.text.HAL_UARTEx_TxFifoEmptyCallback)
    HAL_UARTEx_WakeupCallback                0x080031b9   Thumb Code     2  stm32h7xx_hal_uart_ex.o(.text.HAL_UARTEx_WakeupCallback)
    HAL_UART_ErrorCallback                   0x080031c1   Thumb Code    76  main.o(.text.HAL_UART_ErrorCallback)
    HAL_UART_IRQHandler                      0x08003211   Thumb Code   506  stm32h7xx_hal_uart.o(.text.HAL_UART_IRQHandler)
    HAL_UART_Init                            0x08003411   Thumb Code    98  stm32h7xx_hal_uart.o(.text.HAL_UART_Init)
    HAL_UART_MspInit                         0x08003479   Thumb Code   232  main.o(.text.HAL_UART_MspInit)
    HAL_UART_Receive_IT                      0x08003561   Thumb Code   266  stm32h7xx_hal_uart.o(.text.HAL_UART_Receive_IT)
    HAL_UART_RxCpltCallback                  0x08003671   Thumb Code   192  main.o(.text.HAL_UART_RxCpltCallback)
    HAL_UART_Transmit                        0x08003731   Thumb Code   210  stm32h7xx_hal_uart.o(.text.HAL_UART_Transmit)
    HAL_UART_TxCpltCallback                  0x08003809   Thumb Code     2  stm32h7xx_hal_uart.o(.text.HAL_UART_TxCpltCallback)
    HardFault_Handler                        0x08003811   Thumb Code     2  stm32h7xx_it.o(.text.HardFault_Handler)
    I2C_GTP_IRQDisable                       0x08003819   Thumb Code    74  bsp_i2c_touch.o(.text.I2C_GTP_IRQDisable)
    I2C_GTP_IRQEnable                        0x08003869   Thumb Code    80  bsp_i2c_touch.o(.text.I2C_GTP_IRQEnable)
    I2C_ReadBytes                            0x080038b9   Thumb Code   294  bsp_i2c_touch.o(.text.I2C_ReadBytes)
    I2C_Touch_Init                           0x080039e1   Thumb Code   276  bsp_i2c_touch.o(.text.I2C_Touch_Init)
    I2C_WriteBytes                           0x08003af9   Thumb Code   274  bsp_i2c_touch.o(.text.I2C_WriteBytes)
    LCD_DisplayOn                            0x08003c11   Thumb Code    40  bsp_lcd.o(.text.LCD_DisplayOn)
    LCD_DrawCircle                           0x08003c39   Thumb Code   308  bsp_lcd.o(.text.LCD_DrawCircle)
    LCD_DrawHLine                            0x08003d71   Thumb Code   156  bsp_lcd.o(.text.LCD_DrawHLine)
    LCD_DrawLine                             0x08003e11   Thumb Code   192  bsp_lcd.o(.text.LCD_DrawLine)
    LCD_DrawPixel                            0x08003ed1   Thumb Code   178  bsp_lcd.o(.text.LCD_DrawPixel)
    LCD_DrawSprite_Palette                   0x08003f89   Thumb Code   182  main.o(.text.LCD_DrawSprite_Palette)
    LCD_FillCircle                           0x08004149   Thumb Code   168  bsp_lcd.o(.text.LCD_FillCircle)
    LCD_FillRect                             0x080041f1   Thumb Code   162  bsp_lcd.o(.text.LCD_FillRect)
    LCD_Init                                 0x08004299   Thumb Code  1266  bsp_lcd.o(.text.LCD_Init)
    LCD_LayerInit                            0x08004791   Thumb Code   140  bsp_lcd.o(.text.LCD_LayerInit)
    LCD_SelectLayer                          0x08004821   Thumb Code    12  bsp_lcd.o(.text.LCD_SelectLayer)
    LCD_SetColors                            0x08004831   Thumb Code    34  bsp_lcd.o(.text.LCD_SetColors)
    LCD_SetTransparency                      0x08004859   Thumb Code    18  bsp_lcd.o(.text.LCD_SetTransparency)
    LED_GPIO_Config                          0x08004871   Thumb Code   150  bsp_led.o(.text.LED_GPIO_Config)
    MemManage_Handler                        0x08004ac9   Thumb Code     2  stm32h7xx_it.o(.text.MemManage_Handler)
    NMI_Handler                              0x08004ad1   Thumb Code     2  stm32h7xx_it.o(.text.NMI_Handler)
    PendSV_Handler                           0x08004ad9   Thumb Code     2  stm32h7xx_it.o(.text.PendSV_Handler)
    SDRAM_Init                               0x08004d21   Thumb Code  2170  bsp_sdram.o(.text.SDRAM_Init)
    SVC_Handler                              0x080055a1   Thumb Code     2  stm32h7xx_it.o(.text.SVC_Handler)
    SysTick_Handler                          0x080055a9   Thumb Code    12  stm32h7xx_it.o(.text.SysTick_Handler)
    SystemInit                               0x080055b9   Thumb Code   108  system_stm32h7xx.o(.text.SystemInit)
    Touch_Button_Down                        0x08005629   Thumb Code   102  palette.o(.text.Touch_Button_Down)
    Touch_Button_Up                          0x08005691   Thumb Code    72  palette.o(.text.Touch_Button_Up)
    UART_AdvFeatureConfig                    0x080056d9   Thumb Code   224  stm32h7xx_hal_uart.o(.text.UART_AdvFeatureConfig)
    UART_CheckIdleState                      0x080057b9   Thumb Code   264  stm32h7xx_hal_uart.o(.text.UART_CheckIdleState)
    UART_SetConfig                           0x08005af1   Thumb Code  1836  stm32h7xx_hal_uart.o(.text.UART_SetConfig)
    UART_WaitOnFlagUntilTimeout              0x08006229   Thumb Code   188  stm32h7xx_hal_uart.o(.text.UART_WaitOnFlagUntilTimeout)
    USART1_IRQHandler                        0x080062e9   Thumb Code    16  main.o(.text.USART1_IRQHandler)
    USART3_IRQHandler                        0x080062f9   Thumb Code    16  main.o(.text.USART3_IRQHandler)
    UsageFault_Handler                       0x08006309   Thumb Code     2  stm32h7xx_it.o(.text.UsageFault_Handler)
    fputc                                    0x08006311   Thumb Code    32  bsp_debug_usart.o(.text.fputc)
    i2c_SendByte                             0x08006331   Thumb Code    78  bsp_i2c_touch.o(.text.i2c_SendByte)
    main                                     0x08006381   Thumb Code  2352  main.o(.text.main)
    __0printf$8                              0x08006cfd   Thumb Code    22  printf8.o(i.__0printf$8)
    __1printf$8                              0x08006cfd   Thumb Code     0  printf8.o(i.__0printf$8)
    __2printf                                0x08006cfd   Thumb Code     0  printf8.o(i.__0printf$8)
    __scatterload_copy                       0x08006d1d   Thumb Code    14  handlers.o(i.__scatterload_copy)
    __scatterload_null                       0x08006d2b   Thumb Code     2  handlers.o(i.__scatterload_null)
    __scatterload_zeroinit                   0x08006d2d   Thumb Code    14  handlers.o(i.__scatterload_zeroinit)
    puts                                     0x080071a1   Thumb Code    30  puts.o(i.puts)
    D1CorePrescTable                         0x080071fc   Data          16  system_stm32h7xx.o(.rodata.D1CorePrescTable)
    Font24_Table                             0x0800720c   Data        6840  bsp_lcd.o(.rodata.Font24_Table)
    gImage_Ultframe1                         0x08008ce4   Data       64463  animation_data.o(.rodata.gImage_Ultframe1)
    gImage_Ultframe2                         0x080188b3   Data       64463  animation_data.o(.rodata.gImage_Ultframe2)
    gImage_Ultframe3                         0x08028482   Data       64463  animation_data.o(.rodata.gImage_Ultframe3)
    gImage_Ultframe4                         0x08038051   Data       64463  animation_data.o(.rodata.gImage_Ultframe4)
    gImage_attackframe1                      0x08047c20   Data       44228  animation_data.o(.rodata.gImage_attackframe1)
    gImage_attackframe2                      0x080528e4   Data       93765  animation_data.o(.rodata.gImage_attackframe2)
    gImage_attackframe3                      0x08069729   Data       93765  animation_data.o(.rodata.gImage_attackframe3)
    gImage_attackframe4                      0x0808056e   Data       93765  animation_data.o(.rodata.gImage_attackframe4)
    gImage_attackframe5                      0x080973b3   Data       93765  animation_data.o(.rodata.gImage_attackframe5)
    gImage_bg                                0x080ae1f8   Data       384776  animation_data.o(.rodata.gImage_bg)
    gImage_change1                           0x0810c100   Data       64463  animation_data.o(.rodata.gImage_change1)
    gImage_change2                           0x0811bccf   Data       64463  animation_data.o(.rodata.gImage_change2)
    gImage_change3                           0x0812b89e   Data       64463  animation_data.o(.rodata.gImage_change3)
    gImage_walframe1code                     0x0813b46d   Data       64250  animation_data.o(.rodata.gImage_walframe1code)
    gImage_walframe2code                     0x0814af67   Data       64250  animation_data.o(.rodata.gImage_walframe2code)
    gImage_walframe3code                     0x0815aa61   Data       64250  animation_data.o(.rodata.gImage_walframe3code)
    gImage_walframe4code                     0x0816a55b   Data       64250  animation_data.o(.rodata.gImage_walframe4code)
    lcd_param                                0x0817a056   Data          48  bsp_lcd.o(.rodata.lcd_param)
    touch_param                              0x0817a1d6   Data          36  bsp_touch_gtxx.o(.rodata.touch_param)
    Region$$Table$$Base                      0x0817a1fc   Number         0  anon$$obj.o(Region$$Table)
    Region$$Table$$Limit                     0x0817a21c   Number         0  anon$$obj.o(Region$$Table)
    __stdout                                 0x24000000   Data           4  stdout.o(.data)
    Font24                                   0x24000004   Data           8  bsp_lcd.o(.data.Font24)
    SystemCoreClock                          0x2400000c   Data           4  system_stm32h7xx.o(.data.SystemCoreClock)
    SystemD2Clock                            0x24000010   Data           4  system_stm32h7xx.o(.data.SystemD2Clock)
    uwTickFreq                               0x24000028   Data           1  stm32h7xx_hal.o(.data.uwTickFreq)
    uwTickPrio                               0x2400002c   Data           4  stm32h7xx_hal.o(.data.uwTickPrio)
    ActiveLayer                              0x24000030   Data           4  bsp_lcd.o(.bss.ActiveLayer)
    DrawProp                                 0x240000a4   Data          24  bsp_lcd.o(.bss.DrawProp)
    UartHandle                               0x24000228   Data         140  bsp_debug_usart.o(.bss.UartHandle)
    action_cmd                               0x240002b4   Data           1  main.o(.bss.action_cmd)
    action_flag                              0x240002b5   Data           1  main.o(.bss.action_flag)
    brush                                    0x240002b8   Data           8  palette.o(.bss.brush)
    bt_action_cmd                            0x240002c0   Data           1  main.o(.bss.bt_action_cmd)
    bt_action_flag                           0x240002c1   Data           1  main.o(.bss.bt_action_flag)
    bt_rx_byte                               0x240002c2   Data           1  main.o(.bss.bt_rx_byte)
    button                                   0x240002c4   Data         432  palette.o(.bss.button)
    cur_lcd                                  0x24000474   Data           1  bsp_lcd.o(.bss.cur_lcd)
    current_cmd                              0x24000475   Data           1  main.o(.bss.current_cmd)
    hsdram1                                  0x24000478   Data          52  bsp_sdram.o(.bss.hsdram1)
    huart1                                   0x240004ac   Data         140  main.o(.bss.huart1)
    huart3                                   0x24000538   Data         140  main.o(.bss.huart3)
    rx_byte                                  0x240005c4   Data           1  main.o(.bss.rx_byte)
    rx_state                                 0x240005c5   Data           1  main.o(.bss.rx_state)
    touchIC                                  0x240005c6   Data           1  bsp_touch_gtxx.o(.bss.touchIC)
    uwTick                                   0x240005c8   Data           4  stm32h7xx_hal.o(.bss.uwTick)
    __initial_sp                             0x240009d0   Data           0  startup_stm32h743xx.o(STACK)



==============================================================================

Memory Map of the image

  Image Entry point : 0x08000299

  Load Region LR_IROM1 (Base: 0x08000000, Size: 0x0017a250, Max: 0x00200000, ABSOLUTE)

    Execution Region ER_IROM1 (Exec base: 0x08000000, Load base: 0x08000000, Size: 0x0017a21c, Max: 0x00200000, ABSOLUTE)

    Exec Addr    Load Addr    Size         Type   Attr      Idx    E Section Name        Object

    0x08000000   0x08000000   0x00000298   Data   RO            3    RESET               startup_stm32h743xx.o
    0x08000298   0x08000298   0x00000000   Code   RO         2578  * .ARM.Collect$$$$00000000  mc_w.l(entry.o)
    0x08000298   0x08000298   0x00000004   Code   RO         2856    .ARM.Collect$$$$00000001  mc_w.l(entry2.o)
    0x0800029c   0x0800029c   0x00000004   Code   RO         2859    .ARM.Collect$$$$00000004  mc_w.l(entry5.o)
    0x080002a0   0x080002a0   0x00000000   Code   RO         2861    .ARM.Collect$$$$00000008  mc_w.l(entry7b.o)
    0x080002a0   0x080002a0   0x00000000   Code   RO         2863    .ARM.Collect$$$$0000000A  mc_w.l(entry8b.o)
    0x080002a0   0x080002a0   0x00000008   Code   RO         2864    .ARM.Collect$$$$0000000B  mc_w.l(entry9a.o)
    0x080002a8   0x080002a8   0x00000000   Code   RO         2866    .ARM.Collect$$$$0000000D  mc_w.l(entry10a.o)
    0x080002a8   0x080002a8   0x00000000   Code   RO         2868    .ARM.Collect$$$$0000000F  mc_w.l(entry11a.o)
    0x080002a8   0x080002a8   0x00000004   Code   RO         2857    .ARM.Collect$$$$00002712  mc_w.l(entry2.o)
    0x080002ac   0x080002ac   0x00000024   Code   RO            4    .text               startup_stm32h743xx.o
    0x080002d0   0x080002d0   0x00000062   Code   RO         2585    .text               mc_w.l(uldiv.o)
    0x08000332   0x08000332   0x00000024   Code   RO         2587    .text               mc_w.l(memcpya.o)
    0x08000356   0x08000356   0x00000024   Code   RO         2589    .text               mc_w.l(memseta.o)
    0x0800037a   0x0800037a   0x0000001e   Code   RO         2882    .text               mc_w.l(llshl.o)
    0x08000398   0x08000398   0x00000020   Code   RO         2884    .text               mc_w.l(llushr.o)
    0x080003b8   0x080003b8   0x00000024   Code   RO         2897    .text               mc_w.l(init.o)
    0x080003dc   0x080003dc   0x00000004   PAD
    0x080003e0   0x080003e0   0x000000ee   Code   RO         2235    .text.Board_MPU_Config  bsp_mpu.o
    0x080004ce   0x080004ce   0x00000002   PAD
    0x080004d0   0x080004d0   0x00000002   Code   RO         2189    .text.BusFault_Handler  stm32h7xx_it.o
    0x080004d2   0x080004d2   0x00000006   PAD
    0x080004d8   0x080004d8   0x0000003e   Code   RO         2223    .text.CPU_TS_Tmr_Delay_US  core_delay.o
    0x08000516   0x08000516   0x00000002   PAD
    0x08000518   0x08000518   0x00000002   Code   RO         2195    .text.DebugMon_Handler  stm32h7xx_it.o
    0x0800051a   0x0800051a   0x00000006   PAD
    0x08000520   0x08000520   0x0000018c   Code   RO         2478    .text.Draw_Trail    palette.o
    0x080006ac   0x080006ac   0x00000004   PAD
    0x080006b0   0x080006b0   0x0000001a   Code   RO         2433    .text.EXTI3_IRQHandler  bsp_touch_gtxx.o
    0x080006ca   0x080006ca   0x00000006   PAD
    0x080006d0   0x080006d0   0x00000092   Code   RO         1992    .text.FMC_SDRAM_Init  stm32h7xx_ll_fmc.o
    0x08000762   0x08000762   0x00000006   PAD
    0x08000768   0x08000768   0x00000016   Code   RO         2004    .text.FMC_SDRAM_ProgramRefreshRate  stm32h7xx_ll_fmc.o
    0x0800077e   0x0800077e   0x00000002   PAD
    0x08000780   0x08000780   0x00000028   Code   RO         2002    .text.FMC_SDRAM_SendCommand  stm32h7xx_ll_fmc.o
    0x080007a8   0x080007a8   0x000000d8   Code   RO         1994    .text.FMC_SDRAM_Timing_Init  stm32h7xx_ll_fmc.o
    0x08000880   0x08000880   0x000000a6   Code   RO         2415    .text.GTP_I2C_Read  bsp_touch_gtxx.o
    0x08000926   0x08000926   0x00000002   PAD
    0x08000928   0x08000928   0x00000008   Code   RO         2417    .text.GTP_IRQ_Disable  bsp_touch_gtxx.o
    0x08000930   0x08000930   0x0000017c   Code   RO         2427    .text.GTP_Init_Panel  bsp_touch_gtxx.o
    0x08000aac   0x08000aac   0x00000004   PAD
    0x08000ab0   0x08000ab0   0x00000100   Code   RO         2429    .text.GTP_Read_Version  bsp_touch_gtxx.o
    0x08000bb0   0x08000bb0   0x00000270   Code   RO         2431    .text.GTP_TouchProcess  bsp_touch_gtxx.o
    0x08000e20   0x08000e20   0x0000016e   Code   RO         2152    .text.Get_Composited_Pixel  main.o
    0x08000f8e   0x08000f8e   0x00000002   PAD
    0x08000f90   0x08000f90   0x000000c2   Code   RO          305    .text.HAL_DMA2D_ConfigLayer  stm32h7xx_hal_dma2d.o
    0x08001052   0x08001052   0x00000006   PAD
    0x08001058   0x08001058   0x00000068   Code   RO          263    .text.HAL_DMA2D_Init  stm32h7xx_hal_dma2d.o
    0x080010c0   0x080010c0   0x00000002   Code   RO          265    .text.HAL_DMA2D_MspInit  stm32h7xx_hal_dma2d.o
    0x080010c2   0x080010c2   0x00000006   PAD
    0x080010c8   0x080010c8   0x00000134   Code   RO          297    .text.HAL_DMA2D_PollForTransfer  stm32h7xx_hal_dma2d.o
    0x080011fc   0x080011fc   0x00000004   PAD
    0x08001200   0x08001200   0x000000d6   Code   RO          275    .text.HAL_DMA2D_Start  stm32h7xx_hal_dma2d.o
    0x080012d6   0x080012d6   0x00000002   PAD
    0x080012d8   0x080012d8   0x0000030c   Code   RO          215    .text.HAL_DMA_Abort_IT  stm32h7xx_hal_dma.o
    0x080015e4   0x080015e4   0x00000004   PAD
    0x080015e8   0x080015e8   0x000001a6   Code   RO          424    .text.HAL_GPIO_Init  stm32h7xx_hal_gpio.o
    0x0800178e   0x0800178e   0x00000002   PAD
    0x08001790   0x08001790   0x0000000a   Code   RO          428    .text.HAL_GPIO_ReadPin  stm32h7xx_hal_gpio.o
    0x0800179a   0x0800179a   0x00000006   PAD
    0x080017a0   0x080017a0   0x0000000a   Code   RO          430    .text.HAL_GPIO_WritePin  stm32h7xx_hal_gpio.o
    0x080017aa   0x080017aa   0x00000006   PAD
    0x080017b0   0x080017b0   0x0000000e   Code   RO           54    .text.HAL_GetREVID  stm32h7xx_hal.o
    0x080017be   0x080017be   0x00000002   PAD
    0x080017c0   0x080017c0   0x00000022   Code   RO         2221    .text.HAL_GetTick   core_delay.o
    0x080017e2   0x080017e2   0x00000006   PAD
    0x080017e8   0x080017e8   0x0000001a   Code   RO           36    .text.HAL_IncTick   stm32h7xx_hal.o
    0x08001802   0x08001802   0x00000006   PAD
    0x08001808   0x08001808   0x00000064   Code   RO           26    .text.HAL_Init      stm32h7xx_hal.o
    0x0800186c   0x0800186c   0x00000004   PAD
    0x08001870   0x08001870   0x00000028   Code   RO         2217    .text.HAL_InitTick  core_delay.o
    0x08001898   0x08001898   0x00000076   Code   RO          672    .text.HAL_LTDC_ConfigLayer  stm32h7xx_hal_ltdc.o
    0x0800190e   0x0800190e   0x00000002   PAD
    0x08001910   0x08001910   0x000000dc   Code   RO          656    .text.HAL_LTDC_Init  stm32h7xx_hal_ltdc.o
    0x080019ec   0x080019ec   0x00000004   PAD
    0x080019f0   0x080019f0   0x00000002   Code   RO          658    .text.HAL_LTDC_MspInit  stm32h7xx_hal_ltdc.o
    0x080019f2   0x080019f2   0x00000006   PAD
    0x080019f8   0x080019f8   0x00000040   Code   RO          698    .text.HAL_LTDC_SetAlpha  stm32h7xx_hal_ltdc.o
    0x08001a38   0x08001a38   0x0000005e   Code   RO          163    .text.HAL_MPU_ConfigRegion  stm32h7xx_hal_cortex.o
    0x08001a96   0x08001a96   0x00000002   PAD
    0x08001a98   0x08001a98   0x0000001a   Code   RO          159    .text.HAL_MPU_Disable  stm32h7xx_hal_cortex.o
    0x08001ab2   0x08001ab2   0x00000006   PAD
    0x08001ab8   0x08001ab8   0x00000020   Code   RO          161    .text.HAL_MPU_Enable  stm32h7xx_hal_cortex.o
    0x08001ad8   0x08001ad8   0x00000020   Code   RO          795    .text.HAL_MspInit   stm32h7xx_hal_msp.o
    0x08001af8   0x08001af8   0x00000028   Code   RO          151    .text.HAL_NVIC_DisableIRQ  stm32h7xx_hal_cortex.o
    0x08001b20   0x08001b20   0x00000020   Code   RO          149    .text.HAL_NVIC_EnableIRQ  stm32h7xx_hal_cortex.o
    0x08001b40   0x08001b40   0x0000005e   Code   RO          147    .text.HAL_NVIC_SetPriority  stm32h7xx_hal_cortex.o
    0x08001b9e   0x08001b9e   0x00000002   PAD
    0x08001ba0   0x08001ba0   0x00000020   Code   RO          145    .text.HAL_NVIC_SetPriorityGrouping  stm32h7xx_hal_cortex.o
    0x08001bc0   0x08001bc0   0x0000004c   Code   RO          906    .text.HAL_PWREx_ConfigSupply  stm32h7xx_hal_pwr_ex.o
    0x08001c0c   0x08001c0c   0x00000004   PAD
    0x08001c10   0x08001c10   0x00000030   Code   RO         1133    .text.HAL_RCCEx_GetD1SysClockFreq  stm32h7xx_hal_rcc_ex.o
    0x08001c40   0x08001c40   0x00000026   Code   RO         1131    .text.HAL_RCCEx_GetD3PCLK1Freq  stm32h7xx_hal_rcc_ex.o
    0x08001c66   0x08001c66   0x00000002   PAD
    0x08001c68   0x08001c68   0x00000124   Code   RO         1125    .text.HAL_RCCEx_GetPLL2ClockFreq  stm32h7xx_hal_rcc_ex.o
    0x08001d8c   0x08001d8c   0x00000004   PAD
    0x08001d90   0x08001d90   0x00000124   Code   RO         1127    .text.HAL_RCCEx_GetPLL3ClockFreq  stm32h7xx_hal_rcc_ex.o
    0x08001eb4   0x08001eb4   0x00000004   PAD
    0x08001eb8   0x08001eb8   0x00000942   Code   RO         1113    .text.HAL_RCCEx_PeriphCLKConfig  stm32h7xx_hal_rcc_ex.o
    0x080027fa   0x080027fa   0x00000006   PAD
    0x08002800   0x08002800   0x0000023c   Code   RO         1081    .text.HAL_RCC_ClockConfig  stm32h7xx_hal_rcc.o
    0x08002a3c   0x08002a3c   0x00000004   PAD
    0x08002a40   0x08002a40   0x00000030   Code   RO         1091    .text.HAL_RCC_GetHCLKFreq  stm32h7xx_hal_rcc.o
    0x08002a70   0x08002a70   0x00000040   Code   RO         1093    .text.HAL_RCC_GetPCLK1Freq  stm32h7xx_hal_rcc.o
    0x08002ab0   0x08002ab0   0x00000040   Code   RO         1095    .text.HAL_RCC_GetPCLK2Freq  stm32h7xx_hal_rcc.o
    0x08002af0   0x08002af0   0x00000108   Code   RO         1083    .text.HAL_RCC_GetSysClockFreq  stm32h7xx_hal_rcc.o
    0x08002bf8   0x08002bf8   0x000004d6   Code   RO         1079    .text.HAL_RCC_OscConfig  stm32h7xx_hal_rcc.o
    0x080030ce   0x080030ce   0x00000002   PAD
    0x080030d0   0x080030d0   0x00000050   Code   RO         1400    .text.HAL_SDRAM_Init  stm32h7xx_hal_sdram.o
    0x08003120   0x08003120   0x00000002   Code   RO         1402    .text.HAL_SDRAM_MspInit  stm32h7xx_hal_sdram.o
    0x08003122   0x08003122   0x00000006   PAD
    0x08003128   0x08003128   0x00000030   Code   RO         1444    .text.HAL_SDRAM_ProgramRefreshRate  stm32h7xx_hal_sdram.o
    0x08003158   0x08003158   0x0000003a   Code   RO         1442    .text.HAL_SDRAM_SendCommand  stm32h7xx_hal_sdram.o
    0x08003192   0x08003192   0x00000006   PAD
    0x08003198   0x08003198   0x00000002   Code   RO          181    .text.HAL_SYSTICK_Callback  stm32h7xx_hal_cortex.o
    0x0800319a   0x0800319a   0x00000006   PAD
    0x080031a0   0x080031a0   0x00000008   Code   RO          179    .text.HAL_SYSTICK_IRQHandler  stm32h7xx_hal_cortex.o
    0x080031a8   0x080031a8   0x00000002   Code   RO         1926    .text.HAL_UARTEx_RxFifoFullCallback  stm32h7xx_hal_uart_ex.o
    0x080031aa   0x080031aa   0x00000006   PAD
    0x080031b0   0x080031b0   0x00000002   Code   RO         1928    .text.HAL_UARTEx_TxFifoEmptyCallback  stm32h7xx_hal_uart_ex.o
    0x080031b2   0x080031b2   0x00000006   PAD
    0x080031b8   0x080031b8   0x00000002   Code   RO         1924    .text.HAL_UARTEx_WakeupCallback  stm32h7xx_hal_uart_ex.o
    0x080031ba   0x080031ba   0x00000006   PAD
    0x080031c0   0x080031c0   0x0000004c   Code   RO         2150    .text.HAL_UART_ErrorCallback  main.o
    0x0800320c   0x0800320c   0x00000004   PAD
    0x08003210   0x08003210   0x000001fa   Code   RO         1875    .text.HAL_UART_IRQHandler  stm32h7xx_hal_uart.o
    0x0800340a   0x0800340a   0x00000006   PAD
    0x08003410   0x08003410   0x00000062   Code   RO         1783    .text.HAL_UART_Init  stm32h7xx_hal_uart.o
    0x08003472   0x08003472   0x00000006   PAD
    0x08003478   0x08003478   0x000000e8   Code   RO         2142    .text.HAL_UART_MspInit  main.o
    0x08003560   0x08003560   0x0000010a   Code   RO         1819    .text.HAL_UART_Receive_IT  stm32h7xx_hal_uart.o
    0x0800366a   0x0800366a   0x00000006   PAD
    0x08003670   0x08003670   0x000000c0   Code   RO         2148    .text.HAL_UART_RxCpltCallback  main.o
    0x08003730   0x08003730   0x000000d2   Code   RO         1803    .text.HAL_UART_Transmit  stm32h7xx_hal_uart.o
    0x08003802   0x08003802   0x00000006   PAD
    0x08003808   0x08003808   0x00000002   Code   RO         1881    .text.HAL_UART_TxCpltCallback  stm32h7xx_hal_uart.o
    0x0800380a   0x0800380a   0x00000006   PAD
    0x08003810   0x08003810   0x00000002   Code   RO         2185    .text.HardFault_Handler  stm32h7xx_it.o
    0x08003812   0x08003812   0x00000006   PAD
    0x08003818   0x08003818   0x0000004a   Code   RO         2380    .text.I2C_GTP_IRQDisable  bsp_i2c_touch.o
    0x08003862   0x08003862   0x00000006   PAD
    0x08003868   0x08003868   0x00000050   Code   RO         2378    .text.I2C_GTP_IRQEnable  bsp_i2c_touch.o
    0x080038b8   0x080038b8   0x00000126   Code   RO         2400    .text.I2C_ReadBytes  bsp_i2c_touch.o
    0x080039de   0x080039de   0x00000002   PAD
    0x080039e0   0x080039e0   0x00000114   Code   RO         2384    .text.I2C_Touch_Init  bsp_i2c_touch.o
    0x08003af4   0x08003af4   0x00000004   PAD
    0x08003af8   0x08003af8   0x00000112   Code   RO         2402    .text.I2C_WriteBytes  bsp_i2c_touch.o
    0x08003c0a   0x08003c0a   0x00000006   PAD
    0x08003c10   0x08003c10   0x00000028   Code   RO         2329    .text.LCD_DisplayOn  bsp_lcd.o
    0x08003c38   0x08003c38   0x00000134   Code   RO         2313    .text.LCD_DrawCircle  bsp_lcd.o
    0x08003d6c   0x08003d6c   0x00000004   PAD
    0x08003d70   0x08003d70   0x0000009c   Code   RO         2303    .text.LCD_DrawHLine  bsp_lcd.o
    0x08003e0c   0x08003e0c   0x00000004   PAD
    0x08003e10   0x08003e10   0x000000c0   Code   RO         2307    .text.LCD_DrawLine  bsp_lcd.o
    0x08003ed0   0x08003ed0   0x000000b2   Code   RO         2309    .text.LCD_DrawPixel  bsp_lcd.o
    0x08003f82   0x08003f82   0x00000006   PAD
    0x08003f88   0x08003f88   0x000000b6   Code   RO         2156    .text.LCD_DrawSprite_Palette  main.o
    0x0800403e   0x0800403e   0x00000002   PAD
    0x08004040   0x08004040   0x00000106   Code   RO         2480    .text.LCD_DrawUniLineCircle  palette.o
    0x08004146   0x08004146   0x00000002   PAD
    0x08004148   0x08004148   0x000000a8   Code   RO         2321    .text.LCD_FillCircle  bsp_lcd.o
    0x080041f0   0x080041f0   0x000000a2   Code   RO         2291    .text.LCD_FillRect  bsp_lcd.o
    0x08004292   0x08004292   0x00000006   PAD
    0x08004298   0x08004298   0x000004f2   Code   RO         2247    .text.LCD_Init      bsp_lcd.o
    0x0800478a   0x0800478a   0x00000006   PAD
    0x08004790   0x08004790   0x0000008c   Code   RO         2259    .text.LCD_LayerInit  bsp_lcd.o
    0x0800481c   0x0800481c   0x00000004   PAD
    0x08004820   0x08004820   0x0000000c   Code   RO         2261    .text.LCD_SelectLayer  bsp_lcd.o
    0x0800482c   0x0800482c   0x00000004   PAD
    0x08004830   0x08004830   0x00000022   Code   RO         2279    .text.LCD_SetColors  bsp_lcd.o
    0x08004852   0x08004852   0x00000006   PAD
    0x08004858   0x08004858   0x00000012   Code   RO         2265    .text.LCD_SetTransparency  bsp_lcd.o
    0x0800486a   0x0800486a   0x00000006   PAD
    0x08004870   0x08004870   0x00000096   Code   RO         2208    .text.LED_GPIO_Config  bsp_led.o
    0x08004906   0x08004906   0x00000002   PAD
    0x08004908   0x08004908   0x00000094   Code   RO         2287    .text.LL_FillBuffer  bsp_lcd.o
    0x0800499c   0x0800499c   0x00000004   PAD
    0x080049a0   0x080049a0   0x00000124   Code   RO          674    .text.LTDC_SetConfig  stm32h7xx_hal_ltdc.o
    0x08004ac4   0x08004ac4   0x00000004   PAD
    0x08004ac8   0x08004ac8   0x00000002   Code   RO         2187    .text.MemManage_Handler  stm32h7xx_it.o
    0x08004aca   0x08004aca   0x00000006   PAD
    0x08004ad0   0x08004ad0   0x00000002   Code   RO         2183    .text.NMI_Handler   stm32h7xx_it.o
    0x08004ad2   0x08004ad2   0x00000006   PAD
    0x08004ad8   0x08004ad8   0x00000002   Code   RO         2197    .text.PendSV_Handler  stm32h7xx_it.o
    0x08004ada   0x08004ada   0x00000006   PAD
    0x08004ae0   0x08004ae0   0x0000011e   Code   RO         1115    .text.RCCEx_PLL2_Config  stm32h7xx_hal_rcc_ex.o
    0x08004bfe   0x08004bfe   0x00000002   PAD
    0x08004c00   0x08004c00   0x0000011e   Code   RO         1117    .text.RCCEx_PLL3_Config  stm32h7xx_hal_rcc_ex.o
    0x08004d1e   0x08004d1e   0x00000002   PAD
    0x08004d20   0x08004d20   0x0000087a   Code   RO         2359    .text.SDRAM_Init    bsp_sdram.o
    0x0800559a   0x0800559a   0x00000006   PAD
    0x080055a0   0x080055a0   0x00000002   Code   RO         2193    .text.SVC_Handler   stm32h7xx_it.o
    0x080055a2   0x080055a2   0x00000006   PAD
    0x080055a8   0x080055a8   0x0000000c   Code   RO         2199    .text.SysTick_Handler  stm32h7xx_it.o
    0x080055b4   0x080055b4   0x00000004   PAD
    0x080055b8   0x080055b8   0x0000006c   Code   RO           11    .text.SystemInit    system_stm32h7xx.o
    0x08005624   0x08005624   0x00000004   PAD
    0x08005628   0x08005628   0x00000066   Code   RO         2474    .text.Touch_Button_Down  palette.o
    0x0800568e   0x0800568e   0x00000002   PAD
    0x08005690   0x08005690   0x00000048   Code   RO         2476    .text.Touch_Button_Up  palette.o
    0x080056d8   0x080056d8   0x000000e0   Code   RO         1789    .text.UART_AdvFeatureConfig  stm32h7xx_hal_uart.o
    0x080057b8   0x080057b8   0x00000108   Code   RO         1791    .text.UART_CheckIdleState  stm32h7xx_hal_uart.o
    0x080058c0   0x080058c0   0x00000014   Code   RO         1877    .text.UART_DMAAbortOnError  stm32h7xx_hal_uart.o
    0x080058d4   0x080058d4   0x00000004   PAD
    0x080058d8   0x080058d8   0x0000005e   Code   RO         1825    .text.UART_RxISR_16BIT  stm32h7xx_hal_uart.o
    0x08005936   0x08005936   0x00000002   PAD
    0x08005938   0x08005938   0x000000a8   Code   RO         1821    .text.UART_RxISR_16BIT_FIFOEN  stm32h7xx_hal_uart.o
    0x080059e0   0x080059e0   0x0000005e   Code   RO         1827    .text.UART_RxISR_8BIT  stm32h7xx_hal_uart.o
    0x08005a3e   0x08005a3e   0x00000002   PAD
    0x08005a40   0x08005a40   0x000000ac   Code   RO         1823    .text.UART_RxISR_8BIT_FIFOEN  stm32h7xx_hal_uart.o
    0x08005aec   0x08005aec   0x00000004   PAD
    0x08005af0   0x08005af0   0x00000734   Code   RO         1787    .text.UART_SetConfig  stm32h7xx_hal_uart.o
    0x08006224   0x08006224   0x00000004   PAD
    0x08006228   0x08006228   0x000000bc   Code   RO         1805    .text.UART_WaitOnFlagUntilTimeout  stm32h7xx_hal_uart.o
    0x080062e4   0x080062e4   0x00000004   PAD
    0x080062e8   0x080062e8   0x00000010   Code   RO         2144    .text.USART1_IRQHandler  main.o
    0x080062f8   0x080062f8   0x00000010   Code   RO         2146    .text.USART3_IRQHandler  main.o
    0x08006308   0x08006308   0x00000002   Code   RO         2191    .text.UsageFault_Handler  stm32h7xx_it.o
    0x0800630a   0x0800630a   0x00000006   PAD
    0x08006310   0x08006310   0x00000020   Code   RO         2496    .text.fputc         bsp_debug_usart.o
    0x08006330   0x08006330   0x0000004e   Code   RO         2390    .text.i2c_SendByte  bsp_i2c_touch.o
    0x0800637e   0x0800637e   0x00000002   PAD
    0x08006380   0x08006380   0x0000097c   Code   RO         2160    .text.main          main.o
    0x08006cfc   0x08006cfc   0x00000020   Code   RO         2802    i.__0printf$8       mc_w.l(printf8.o)
    0x08006d1c   0x08006d1c   0x0000000e   Code   RO         2905    i.__scatterload_copy  mc_w.l(handlers.o)
    0x08006d2a   0x08006d2a   0x00000002   Code   RO         2906    i.__scatterload_null  mc_w.l(handlers.o)
    0x08006d2c   0x08006d2c   0x0000000e   Code   RO         2907    i.__scatterload_zeroinit  mc_w.l(handlers.o)
    0x08006d3a   0x08006d3a   0x00000002   PAD
    0x08006d3c   0x08006d3c   0x00000410   Code   RO         2809    i._printf_core      mc_w.l(printf8.o)
    0x0800714c   0x0800714c   0x00000024   Code   RO         2810    i._printf_post_padding  mc_w.l(printf8.o)
    0x08007170   0x08007170   0x0000002e   Code   RO         2811    i._printf_pre_padding  mc_w.l(printf8.o)
    0x0800719e   0x0800719e   0x00000002   PAD
    0x080071a0   0x080071a0   0x00000024   Code   RO         2581    i.puts              mc_w.l(puts.o)
    0x080071c4   0x080071c4   0x0000002c   Data   RO         1913    .rodata..Lswitch.table.UART_SetConfig.38  stm32h7xx_hal_uart.o
    0x080071f0   0x080071f0   0x00000006   Data   RO         1911    .rodata..Lswitch.table.UART_SetConfig.5  stm32h7xx_hal_uart.o
    0x080071f6   0x080071f6   0x00000006   Data   RO         1912    .rodata..Lswitch.table.UART_SetConfig.7  stm32h7xx_hal_uart.o
    0x080071fc   0x080071fc   0x00000010   Data   RO           17    .rodata.D1CorePrescTable  system_stm32h7xx.o
    0x0800720c   0x0800720c   0x00001ab8   Data   RO         2333    .rodata.Font24_Table  bsp_lcd.o
    0x08008cc4   0x08008cc4   0x00000020   Data   RO          736    .rodata.cst32       stm32h7xx_hal_ltdc.o
    0x08008ce4   0x08008ce4   0x0000fbcf   Data   RO         2513    .rodata.gImage_Ultframe1  animation_data.o
    0x080188b3   0x080188b3   0x0000fbcf   Data   RO         2514    .rodata.gImage_Ultframe2  animation_data.o
    0x08028482   0x08028482   0x0000fbcf   Data   RO         2515    .rodata.gImage_Ultframe3  animation_data.o
    0x08038051   0x08038051   0x0000fbcf   Data   RO         2516    .rodata.gImage_Ultframe4  animation_data.o
    0x08047c20   0x08047c20   0x0000acc4   Data   RO         2517    .rodata.gImage_attackframe1  animation_data.o
    0x080528e4   0x080528e4   0x00016e45   Data   RO         2518    .rodata.gImage_attackframe2  animation_data.o
    0x08069729   0x08069729   0x00016e45   Data   RO         2519    .rodata.gImage_attackframe3  animation_data.o
    0x0808056e   0x0808056e   0x00016e45   Data   RO         2520    .rodata.gImage_attackframe4  animation_data.o
    0x080973b3   0x080973b3   0x00016e45   Data   RO         2521    .rodata.gImage_attackframe5  animation_data.o
    0x080ae1f8   0x080ae1f8   0x0005df08   Data   RO         2522    .rodata.gImage_bg   animation_data.o
    0x0810c100   0x0810c100   0x0000fbcf   Data   RO         2523    .rodata.gImage_change1  animation_data.o
    0x0811bccf   0x0811bccf   0x0000fbcf   Data   RO         2524    .rodata.gImage_change2  animation_data.o
    0x0812b89e   0x0812b89e   0x0000fbcf   Data   RO         2525    .rodata.gImage_change3  animation_data.o
    0x0813b46d   0x0813b46d   0x0000fafa   Data   RO         2509    .rodata.gImage_walframe1code  animation_data.o
    0x0814af67   0x0814af67   0x0000fafa   Data   RO         2510    .rodata.gImage_walframe2code  animation_data.o
    0x0815aa61   0x0815aa61   0x0000fafa   Data   RO         2511    .rodata.gImage_walframe3code  animation_data.o
    0x0816a55b   0x0816a55b   0x0000fafa   Data   RO         2512    .rodata.gImage_walframe4code  animation_data.o
    0x0817a055   0x0817a055   0x00000001   PAD
    0x0817a056   0x0817a056   0x00000030   Data   RO         2344    .rodata.lcd_param   bsp_lcd.o
    0x0817a086   0x0817a086   0x0000014f   Data   RO         2445    .rodata.str1.1      bsp_touch_gtxx.o
    0x0817a1d5   0x0817a1d5   0x00000001   PAD
    0x0817a1d6   0x0817a1d6   0x00000024   Data   RO         2444    .rodata.touch_param  bsp_touch_gtxx.o
    0x0817a1fa   0x0817a1fa   0x00000002   PAD
    0x0817a1fc   0x0817a1fc   0x00000020   Data   RO         2904    Region$$Table       anon$$obj.o


    Execution Region RW_IRAM1 (Exec base: 0x20000000, Load base: 0x0817a21c, Size: 0x00000000, Max: 0x00020000, ABSOLUTE)

    **** No section assigned to this execution region ****


    Execution Region RW_IRAM2 (Exec base: 0x24000000, Load base: 0x0817a220, Size: 0x000009d0, Max: 0x00080000, ABSOLUTE)

    Exec Addr    Load Addr    Size         Type   Attr      Idx    E Section Name        Object

    0x24000000   0x0817a220   0x00000004   Data   RW         2870    .data               mc_w.l(stdout.o)
    0x24000004   0x0817a224   0x00000008   Data   RW         2334    .data.Font24        bsp_lcd.o
    0x2400000c   0x0817a22c   0x00000004   Data   RW           15    .data.SystemCoreClock  system_stm32h7xx.o
    0x24000010   0x0817a230   0x00000004   Data   RW           16    .data.SystemD2Clock  system_stm32h7xx.o
    0x24000014   0x0817a234   0x0000000a   Data   RW         2448    .data.pre_x         bsp_touch_gtxx.o
    0x2400001e   0x0817a23e   0x0000000a   Data   RW         2449    .data.pre_y         bsp_touch_gtxx.o
    0x24000028   0x0817a248   0x00000001   Data   RW          131    .data.uwTickFreq    stm32h7xx_hal.o
    0x24000029   0x0817a249   0x00000003   PAD
    0x2400002c   0x0817a24c   0x00000004   Data   RW          130    .data.uwTickPrio    stm32h7xx_hal.o
    0x24000030        -       0x00000004   Zero   RW         2343    .bss.ActiveLayer    bsp_lcd.o
    0x24000034        -       0x00000010   Zero   RW         2369    .bss.Command        bsp_sdram.o
    0x24000044        -       0x00000060   Zero   RW         2350    .bss.Dma2d_Handler  bsp_lcd.o
    0x240000a4        -       0x00000018   Zero   RW         2349    .bss.DrawProp       bsp_lcd.o
    0x240000bc        -       0x00000005   Zero   RW         2447    .bss.Goodix_TS_Work_Func.pre_id  bsp_touch_gtxx.o
    0x240000c1   0x0817a250   0x00000001   PAD
    0x240000c2        -       0x00000002   Zero   RW         2446    .bss.Goodix_TS_Work_Func.pre_touch  bsp_touch_gtxx.o
    0x240000c4        -       0x000000bc   Zero   RW         2347    .bss.LCD_ClockConfig.periph_clk_init_struct  bsp_lcd.o
    0x24000180        -       0x000000a8   Zero   RW         2348    .bss.Ltdc_Handler   bsp_lcd.o
    0x24000228        -       0x0000008c   Zero   RW         2500    .bss.UartHandle     bsp_debug_usart.o
    0x240002b4        -       0x00000001   Zero   RW         2167    .bss.action_cmd     main.o
    0x240002b5        -       0x00000001   Zero   RW         2166    .bss.action_flag    main.o
    0x240002b6   0x0817a250   0x00000002   PAD
    0x240002b8        -       0x00000008   Zero   RW         2483    .bss.brush          palette.o
    0x240002c0        -       0x00000001   Zero   RW         2169    .bss.bt_action_cmd  main.o
    0x240002c1        -       0x00000001   Zero   RW         2168    .bss.bt_action_flag  main.o
    0x240002c2        -       0x00000001   Zero   RW         2172    .bss.bt_rx_byte     main.o
    0x240002c3   0x0817a250   0x00000001   PAD
    0x240002c4        -       0x000001b0   Zero   RW         2482    .bss.button         palette.o
    0x24000474        -       0x00000001   Zero   RW         2345    .bss.cur_lcd        bsp_lcd.o
    0x24000475        -       0x00000001   Zero   RW         2165    .bss.current_cmd    main.o
    0x24000476   0x0817a250   0x00000002   PAD
    0x24000478        -       0x00000034   Zero   RW         2367    .bss.hsdram1        bsp_sdram.o
    0x240004ac        -       0x0000008c   Zero   RW         2170    .bss.huart1         main.o
    0x24000538        -       0x0000008c   Zero   RW         2171    .bss.huart3         main.o
    0x240005c4        -       0x00000001   Zero   RW         2173    .bss.rx_byte        main.o
    0x240005c5        -       0x00000001   Zero   RW         2164    .bss.rx_state       main.o
    0x240005c6        -       0x00000001   Zero   RW         2443    .bss.touchIC        bsp_touch_gtxx.o
    0x240005c7   0x0817a250   0x00000001   PAD
    0x240005c8        -       0x00000004   Zero   RW          132    .bss.uwTick         stm32h7xx_hal.o
    0x240005cc   0x0817a250   0x00000004   PAD
    0x240005d0        -       0x00000400   Zero   RW            1    STACK               startup_stm32h743xx.o


==============================================================================

Image component sizes


      Code (inc. data)   RO Data    RW Data    ZI Data      Debug   Object Name

         0          0    1512305          0          0       1224   animation_data.o
        32          0          0          0        140      11650   bsp_debug_usart.o
      1076          0          0          0          0      12580   bsp_i2c_touch.o
      2822         24       6888          8        481      36884   bsp_lcd.o
       150          0          0          0          0       2993   bsp_led.o
       238          6          0          0          0       2699   bsp_mpu.o
      2170          0          0          0         68      12321   bsp_sdram.o
      1460        204        371         20          8      10442   bsp_touch_gtxx.o
       136          0          0          0          0       1754   core_delay.o
      3508        204          0          0        288      22231   main.o
       832         10          0          0        440       8414   palette.o
        36          8        664          0       1024       1052   startup_stm32h743xx.o
       140          0          0          5          4      15352   stm32h7xx_hal.o
       360          0          0          0          0      12439   stm32h7xx_hal_cortex.o
       780          0          0          0          0      17349   stm32h7xx_hal_dma.o
       822          4          0          0          0      17842   stm32h7xx_hal_dma2d.o
       442          0          0          0          0       7050   stm32h7xx_hal_gpio.o
       696          0         32          0          0      15189   stm32h7xx_hal_ltdc.o
        32          0          0          0          0       2409   stm32h7xx_hal_msp.o
        76          0          0          0          0       9818   stm32h7xx_hal_pwr_ex.o
      2250         16          0          0          0      11146   stm32h7xx_hal_rcc.o
      3612        122          0          0          0      15946   stm32h7xx_hal_rcc_ex.o
       188          0          0          0          0      13203   stm32h7xx_hal_sdram.o
      4150        392         56          0          0      27578   stm32h7xx_hal_uart.o
         6          0          0          0          0       8773   stm32h7xx_hal_uart_ex.o
        28          0          0          0          0       1143   stm32h7xx_it.o
       424          0          0          0          0       9045   stm32h7xx_ll_fmc.o
       108          0         16          8          0       4710   system_stm32h7xx.o

    ----------------------------------------------------------------------
     26944       1006    1520368         44       2464     313236   Object Totals
         0          0         32          0          0          0   (incl. Generated)
       370         16          4          3         11          0   (incl. Padding)

    ----------------------------------------------------------------------

      Code (inc. data)   RO Data    RW Data    ZI Data      Debug   Library Member Name

         0          0          0          0          0          0   entry.o
         0          0          0          0          0          0   entry10a.o
         0          0          0          0          0          0   entry11a.o
         8          4          0          0          0          0   entry2.o
         4          0          0          0          0          0   entry5.o
         0          0          0          0          0          0   entry7b.o
         0          0          0          0          0          0   entry8b.o
         8          4          0          0          0          0   entry9a.o
        30          0          0          0          0          0   handlers.o
        36          8          0          0          0         68   init.o
        30          0          0          0          0         68   llshl.o
        32          0          0          0          0         68   llushr.o
        36          0          0          0          0         68   memcpya.o
        36          0          0          0          0        108   memseta.o
      1154         54          0          0          0        352   printf8.o
        36          6          0          0          0         80   puts.o
         0          0          0          4          0          0   stdout.o
        98          0          0          0          0         92   uldiv.o

    ----------------------------------------------------------------------
      1516         80          0          4          0        904   Library Totals
         8          4          0          0          0          0   (incl. Padding)

    ----------------------------------------------------------------------

      Code (inc. data)   RO Data    RW Data    ZI Data      Debug   Library Name

      1508         76          0          4          0        904   mc_w.l

    ----------------------------------------------------------------------
      1516         80          0          4          0        904   Library Totals

    ----------------------------------------------------------------------

==============================================================================


      Code (inc. data)   RO Data    RW Data    ZI Data      Debug   

     28460       1086    1520368         48       2464     313428   Grand Totals
     28460       1086    1520368         48       2464     313428   ELF Image Totals
     28460       1086    1520368         48          0          0   ROM Totals

==============================================================================

    Total RO  Size (Code + RO Data)              1548828 (1512.53kB)
    Total RW  Size (RW Data + ZI Data)              2512 (   2.45kB)
    Total ROM Size (Code + RO Data + RW Data)    1548876 (1512.57kB)

==============================================================================

