<html>
<body>
<pre>
<h1>礦ision Build Log</h1>
<h2>Tool Versions:</h2>
IDE-Version: μVision V5.37.0.0
Copyright (C) 2022 ARM Ltd and ARM Germany GmbH. All rights reserved.
License Information: Zhicheng Ding, 123, LIC=7YKYW-QYF8V-NTZ3G-VMYQJ-0IQFI-XD559
 
Tool Versions:
Toolchain:       MDK-ARM Professional  Version: 5.37.0.0
Toolchain Path:  D:\keil5\core\ARM\ARMCLANG\Bin
C Compiler:      ArmClang.exe V6.18
Assembler:       Armasm.exe V6.18
Linker/Locator:  ArmLink.exe V6.18
Library Manager: ArmAr.exe V6.18
Hex Converter:   FromElf.exe V6.18
CPU DLL:         SARMCM3.DLL V5.37.0.0
Dialog DLL:      DCM.DLL V1.17.5.0
Target DLL:      CMSIS_AGDI.dll V1.33.12.0
Dialog DLL:      TCM.DLL V1.56.1.0
 
<h2>Project:</h2>
D:\BaiduNetdiskDownload\1-程序源码_教程文档\1-[野火]《STM32 HAL库开发实战指南》(HAL库源码)【优先学习】\嵌赛H7初赛版本\Project\RVMDK（uv5）\Fire_H743V.uvprojx
Project File Date:  08/04/2026

<h2>Output:</h2>
*** Using Compiler 'V6.18', folder: 'D:\keil5\core\ARM\ARMCLANG\Bin'
Rebuild target 'Fire_H7'
assembling startup_stm32h743xx.s...
compiling stm32h7xx_hal_adc_ex.c...
compiling stm32h7xx_hal_adc.c...
compiling stm32h7xx_hal_dac_ex.c...
compiling stm32h7xx_hal_eth_ex.c...
compiling stm32h7xx_hal_exti.c...
compiling stm32h7xx_hal_cec.c...
compiling stm32h7xx_hal_cryp_ex.c...
compiling stm32h7xx_hal_dma2d.c...
compiling stm32h7xx_hal.c...
compiling stm32h7xx_hal_eth.c...
compiling stm32h7xx_hal_hash_ex.c...
compiling stm32h7xx_hal_comp.c...
compiling stm32h7xx_hal_dsi.c...
compiling stm32h7xx_hal_hrtim.c...
compiling stm32h7xx_hal_fdcan.c...
compiling stm32h7xx_hal_dfsdm.c...
compiling stm32h7xx_hal_crc.c...
compiling stm32h7xx_hal_hash.c...
compiling stm32h7xx_hal_gpio.c...
compiling system_stm32h7xx.c...
compiling stm32h7xx_hal_dcmi.c...
compiling stm32h7xx_hal_dac.c...
compiling stm32h7xx_hal_flash.c...
compiling stm32h7xx_hal_hcd.c...
compiling stm32h7xx_hal_crc_ex.c...
compiling stm32h7xx_hal_cryp.c...
compiling stm32h7xx_hal_hsem.c...
compiling stm32h7xx_hal_cortex.c...
compiling stm32h7xx_hal_dma_ex.c...
compiling stm32h7xx_hal_flash_ex.c...
compiling stm32h7xx_hal_i2c_ex.c...
compiling stm32h7xx_hal_dma.c...
compiling stm32h7xx_hal_i2s.c...
compiling stm32h7xx_hal_irda.c...
compiling stm32h7xx_hal_i2s_ex.c...
compiling stm32h7xx_hal_iwdg.c...
compiling stm32h7xx_hal_jpeg.c...
compiling stm32h7xx_hal_lptim.c...
compiling stm32h7xx_hal_i2c.c...
compiling stm32h7xx_hal_ltdc_ex.c...
compiling stm32h7xx_hal_mdios.c...
compiling stm32h7xx_hal_mmc.c...
compiling stm32h7xx_hal_ltdc.c...
compiling stm32h7xx_hal_mmc_ex.c...
compiling stm32h7xx_hal_mdma.c...
compiling stm32h7xx_hal_nor.c...
compiling stm32h7xx_hal_msp.c...
compiling stm32h7xx_hal_pcd_ex.c...
compiling stm32h7xx_hal_pcd.c...
compiling stm32h7xx_hal_opamp.c...
compiling stm32h7xx_hal_opamp_ex.c...
compiling stm32h7xx_hal_nand.c...
compiling stm32h7xx_hal_ramecc.c...
compiling stm32h7xx_hal_pwr.c...
compiling stm32h7xx_hal_pwr_ex.c...
compiling stm32h7xx_hal_rcc.c...
compiling stm32h7xx_hal_qspi.c...
compiling stm32h7xx_hal_rcc_ex.c...
compiling stm32h7xx_hal_rng.c...
compiling stm32h7xx_hal_sai_ex.c...
compiling stm32h7xx_hal_sai.c...
compiling stm32h7xx_hal_rtc.c...
compiling stm32h7xx_hal_smartcard_ex.c...
compiling stm32h7xx_hal_smartcard.c...
compiling stm32h7xx_hal_sd_ex.c...
compiling stm32h7xx_hal_smbus.c...
compiling stm32h7xx_hal_spdifrx.c...
compiling stm32h7xx_hal_sdram.c...
compiling stm32h7xx_hal_rtc_ex.c...
compiling stm32h7xx_hal_sd.c...
compiling stm32h7xx_hal_spi.c...
compiling stm32h7xx_hal_sram.c...
compiling stm32h7xx_hal_spi_ex.c...
compiling stm32h7xx_hal_swpmi.c...
compiling stm32h7xx_ll_bdma.c...
compiling stm32h7xx_hal_usart.c...
compiling stm32h7xx_ll_adc.c...
compiling stm32h7xx_ll_comp.c...
compiling stm32h7xx_hal_tim_ex.c...
compiling stm32h7xx_ll_dac.c...
compiling stm32h7xx_ll_crc.c...
compiling stm32h7xx_hal_uart_ex.c...
compiling stm32h7xx_hal_wwdg.c...
compiling stm32h7xx_hal_usart_ex.c...
compiling stm32h7xx_hal_tim.c...
compiling stm32h7xx_ll_dma.c...
compiling stm32h7xx_ll_exti.c...
compiling stm32h7xx_ll_dma2d.c...
compiling stm32h7xx_hal_uart.c...
compiling stm32h7xx_ll_hrtim.c...
compiling stm32h7xx_ll_gpio.c...
compiling stm32h7xx_ll_i2c.c...
compiling stm32h7xx_ll_lpuart.c...
compiling stm32h7xx_ll_lptim.c...
compiling stm32h7xx_ll_mdma.c...
compiling stm32h7xx_ll_opamp.c...
compiling stm32h7xx_ll_pwr.c...
compiling stm32h7xx_ll_rng.c...
compiling stm32h7xx_ll_rcc.c...
compiling stm32h7xx_ll_fmc.c...
compiling stm32h7xx_ll_rtc.c...
compiling stm32h7xx_ll_spi.c...
compiling stm32h7xx_ll_swpmi.c...
compiling stm32h7xx_ll_tim.c...
compiling stm32h7xx_ll_sdmmc.c...
compiling stm32h7xx_ll_usart.c...
compiling stm32h7xx_ll_usb.c...
compiling stm32h7xx_ll_delayblock.c...
compiling stm32h7xx_it.c...
compiling bsp_led.c...
compiling core_delay.c...
compiling bsp_mpu.c...
../../User/main.c(116): warning: passing 'volatile uint8_t *' (aka 'volatile unsigned char *') to parameter of type 'uint8_t *' (aka 'unsigned char *') discards qualifiers [-Wincompatible-pointer-types-discards-qualifiers]
        HAL_UART_Receive_IT(&huart3, &bt_rx_byte, 1);
                                     ^~~~~~~~~~~
../../Libraries/STM32H7xx_HAL_Driver/Inc\stm32h7xx_hal_uart.h(1554): note: passing argument to parameter 'pData' here
HAL_StatusTypeDef HAL_UART_Receive_IT(UART_HandleTypeDef *huart, uint8_t *pData, uint16_t Size);
                                                                          ^
../../User/main.c(125): warning: passing 'volatile uint8_t *' (aka 'volatile unsigned char *') to parameter of type 'uint8_t *' (aka 'unsigned char *') discards qualifiers [-Wincompatible-pointer-types-discards-qualifiers]
        HAL_UART_Receive_IT(&huart1, &rx_byte, 1);
                                     ^~~~~~~~
../../Libraries/STM32H7xx_HAL_Driver/Inc\stm32h7xx_hal_uart.h(1554): note: passing argument to parameter 'pData' here
HAL_StatusTypeDef HAL_UART_Receive_IT(UART_HandleTypeDef *huart, uint8_t *pData, uint16_t Size);
                                                                          ^
../../User/main.c(130): warning: passing 'volatile uint8_t *' (aka 'volatile unsigned char *') to parameter of type 'uint8_t *' (aka 'unsigned char *') discards qualifiers [-Wincompatible-pointer-types-discards-qualifiers]
    if (huart->Instance == USART1) HAL_UART_Receive_IT(&huart1, &rx_byte, 1);
                                                                ^~~~~~~~
../../Libraries/STM32H7xx_HAL_Driver/Inc\stm32h7xx_hal_uart.h(1554): note: passing argument to parameter 'pData' here
HAL_StatusTypeDef HAL_UART_Receive_IT(UART_HandleTypeDef *huart, uint8_t *pData, uint16_t Size);
                                                                          ^
../../User/main.c(131): warning: passing 'volatile uint8_t *' (aka 'volatile unsigned char *') to parameter of type 'uint8_t *' (aka 'unsigned char *') discards qualifiers [-Wincompatible-pointer-types-discards-qualifiers]
    if (huart->Instance == USART3) HAL_UART_Receive_IT(&huart3, &bt_rx_byte, 1); 
                                                                ^~~~~~~~~~~
../../Libraries/STM32H7xx_HAL_Driver/Inc\stm32h7xx_hal_uart.h(1554): note: passing argument to parameter 'pData' here
HAL_StatusTypeDef HAL_UART_Receive_IT(UART_HandleTypeDef *huart, uint8_t *pData, uint16_t Size);
                                                                          ^
../../User/main.c(252): warning: passing 'volatile uint8_t *' (aka 'volatile unsigned char *') to parameter of type 'uint8_t *' (aka 'unsigned char *') discards qualifiers [-Wincompatible-pointer-types-discards-qualifiers]
    HAL_UART_Receive_IT(&huart1, &rx_byte, 1);
                                 ^~~~~~~~
../../Libraries/STM32H7xx_HAL_Driver/Inc\stm32h7xx_hal_uart.h(1554): note: passing argument to parameter 'pData' here
HAL_StatusTypeDef HAL_UART_Receive_IT(UART_HandleTypeDef *huart, uint8_t *pData, uint16_t Size);
                                                                          ^
../../User/main.c(253): warning: passing 'volatile uint8_t *' (aka 'volatile unsigned char *') to parameter of type 'uint8_t *' (aka 'unsigned char *') discards qualifiers [-Wincompatible-pointer-types-discards-qualifiers]
    HAL_UART_Receive_IT(&huart3, &bt_rx_byte, 1);
                                 ^~~~~~~~~~~
../../Libraries/STM32H7xx_HAL_Driver/Inc\stm32h7xx_hal_uart.h(1554): note: passing argument to parameter 'pData' here
HAL_StatusTypeDef HAL_UART_Receive_IT(UART_HandleTypeDef *huart, uint8_t *pData, uint16_t Size);
                                                                          ^
6 warnings generated.
compiling main.c...
compiling bsp_i2c_touch.c...
compiling bsp_debug_usart.c...
../../User/sdram/bsp_sdram.c(451): warning: illegal character encoding in string literal [-Winvalid-source-encoding]
  SDRAM_INFO("<D5><FD><D4>诩<EC><B2><E2>SDRAM<A3><AC><D2><D4>8位<A1><A2>16位<B5>姆<BD>式<B6><C1>写sdram...");
              ^~~~~~~~~~~~ ~~~~~~~~~~~~     ~~~~~~~~~~~~~~~~  ~~~~~~~~   ~~~~ ~~~~ ~~~~~~~~
../../User\./sdram/bsp_sdram.h(69): note: expanded from macro 'SDRAM_INFO'
#define SDRAM_INFO(fmt,arg...)           printf("<<-SDRAM-INFO->> "fmt"\n",##arg)
                                                                   ^~~
../../User/sdram/bsp_sdram.c(475): warning: illegal character encoding in string literal [-Winvalid-source-encoding]
      SDRAM_ERROR("8位<CA><FD><BE>荻<C1>写<B4><ED><CE><U+E3873><F6><B4><ED>位<D6>茫<BA>%d",counter);
                     ^~~~~~~~~~~~ ~~~~ ~~~~~~~~~~~~         ~~~~~~~~~~~~ ~~~~ ~~~~
../../User\./sdram/bsp_sdram.h(70): note: expanded from macro 'SDRAM_ERROR'
#define SDRAM_ERROR(fmt,arg...)          printf("<<-SDRAM-ERROR->> "fmt"\n",##arg)
                                                                    ^~~
../../User/sdram/bsp_sdram.c(502): warning: illegal character encoding in string literal [-Winvalid-source-encoding]
      SDRAM_ERROR("16位<CA><FD><BE>荻<C1>写<B4><ED><CE><U+E3873><F6><B4><ED>位<D6>茫<BA>%d",counter);
                      ^~~~~~~~~~~~ ~~~~ ~~~~~~~~~~~~         ~~~~~~~~~~~~ ~~~~ ~~~~
../../User\./sdram/bsp_sdram.h(70): note: expanded from macro 'SDRAM_ERROR'
#define SDRAM_ERROR(fmt,arg...)          printf("<<-SDRAM-ERROR->> "fmt"\n",##arg)
                                                                    ^~~
../../User/sdram/bsp_sdram.c(509): warning: illegal character encoding in string literal [-Winvalid-source-encoding]
  SDRAM_INFO("SDRAM<B6><C1>写<B2><E2><CA><D4><D5><FD><B3><A3><A3><A1>"); 
                   ^~~~~~~~ ~~~~~~~~~~~~~~~~~~~~~~~~~~~~~~~~~~~~~~~~
../../User\./sdram/bsp_sdram.h(69): note: expanded from macro 'SDRAM_INFO'
#define SDRAM_INFO(fmt,arg...)           printf("<<-SDRAM-INFO->> "fmt"\n",##arg)
                                                                   ^~~
4 warnings generated.
compiling bsp_sdram.c...
compiling bsp_lcd.c...
compiling bsp_touch_gtxx.c...
compiling bsp_qspi_flash.c...
compiling palette.c...
compiling animation_data.c...
linking...
Program Size: Code=28460 RO-data=1520368 RW-data=48 ZI-data=2464  
FromELF: creating hex file...
"..\..\Output\InFlash\Fire_H7.axf" - 0 Error(s), 10 Warning(s).

<h2>Software Packages used:</h2>

Package Vendor: Keil
                https://www.keil.com/pack/Keil.STM32H7xx_DFP.4.1.3.pack
                Keil.STM32H7xx_DFP.4.1.3
                STMicroelectronics STM32H7 Series Device Support

<h2>Collection of Component include folders:</h2>

<h2>Collection of Component Files used:</h2>
Build Time Elapsed:  00:00:17
</pre>
</body>
</html>
